Archive member included because of file (symbol)

c:/freescale/kds_v3/toolchain/bin/../lib/gcc/arm-none-eabi/4.8.4/armv6-m\libgcc.a(_udivsi3.o)
                              ./Sources/print.o (__aeabi_uidiv)
c:/freescale/kds_v3/toolchain/bin/../lib/gcc/arm-none-eabi/4.8.4/armv6-m\libgcc.a(_dvmd_tls.o)
                              c:/freescale/kds_v3/toolchain/bin/../lib/gcc/arm-none-eabi/4.8.4/armv6-m\libgcc.a(_udivsi3.o) (__aeabi_idiv0)
c:/freescale/kds_v3/toolchain/bin/../lib/gcc/arm-none-eabi/4.8.4/armv6-m\libgcc.a(_arm_cmpsf2.o)
                              ./Sources/task.o (__aeabi_fcmpeq)
c:/freescale/kds_v3/toolchain/bin/../lib/gcc/arm-none-eabi/4.8.4/armv6-m\libgcc.a(_fixunssfsi.o)
                              ./Sources/task.o (__aeabi_f2uiz)
c:/freescale/kds_v3/toolchain/bin/../lib/gcc/arm-none-eabi/4.8.4/armv6-m\libgcc.a(divsf3.o)
                              ./Sources/task.o (__aeabi_fdiv)
c:/freescale/kds_v3/toolchain/bin/../lib/gcc/arm-none-eabi/4.8.4/armv6-m\libgcc.a(eqsf2.o)
                              c:/freescale/kds_v3/toolchain/bin/../lib/gcc/arm-none-eabi/4.8.4/armv6-m\libgcc.a(_arm_cmpsf2.o) (__eqsf2)
c:/freescale/kds_v3/toolchain/bin/../lib/gcc/arm-none-eabi/4.8.4/armv6-m\libgcc.a(gesf2.o)
                              c:/freescale/kds_v3/toolchain/bin/../lib/gcc/arm-none-eabi/4.8.4/armv6-m\libgcc.a(_arm_cmpsf2.o) (__gesf2)
c:/freescale/kds_v3/toolchain/bin/../lib/gcc/arm-none-eabi/4.8.4/armv6-m\libgcc.a(lesf2.o)
                              c:/freescale/kds_v3/toolchain/bin/../lib/gcc/arm-none-eabi/4.8.4/armv6-m\libgcc.a(_arm_cmpsf2.o) (__lesf2)
c:/freescale/kds_v3/toolchain/bin/../lib/gcc/arm-none-eabi/4.8.4/armv6-m\libgcc.a(mulsf3.o)
                              ./Sources/task.o (__aeabi_fmul)
c:/freescale/kds_v3/toolchain/bin/../lib/gcc/arm-none-eabi/4.8.4/armv6-m\libgcc.a(subsf3.o)
                              c:/freescale/kds_v3/toolchain/bin/../lib/gcc/arm-none-eabi/4.8.4/armv6-m\libgcc.a(_fixunssfsi.o) (__aeabi_fsub)
c:/freescale/kds_v3/toolchain/bin/../lib/gcc/arm-none-eabi/4.8.4/armv6-m\libgcc.a(fixsfsi.o)
                              c:/freescale/kds_v3/toolchain/bin/../lib/gcc/arm-none-eabi/4.8.4/armv6-m\libgcc.a(_fixunssfsi.o) (__aeabi_f2iz)
c:/freescale/kds_v3/toolchain/bin/../lib/gcc/arm-none-eabi/4.8.4/armv6-m\libgcc.a(floatsisf.o)
                              ./Sources/task.o (__aeabi_i2f)
c:/freescale/kds_v3/toolchain/bin/../lib/gcc/arm-none-eabi/4.8.4/armv6-m\libgcc.a(extendsfdf2.o)
                              ./Sources/task.o (__aeabi_f2d)
c:/freescale/kds_v3/toolchain/bin/../lib/gcc/arm-none-eabi/4.8.4/armv6-m\libgcc.a(_clzsi2.o)
                              c:/freescale/kds_v3/toolchain/bin/../lib/gcc/arm-none-eabi/4.8.4/armv6-m\libgcc.a(divsf3.o) (__clzsi2)
c:/freescale/kds_v3/toolchain/bin/../lib/gcc/arm-none-eabi/4.8.4/../../../../arm-none-eabi/lib/armv6-m\libg_s.a(lib_a-exit.o)
                              c:/freescale/kds_v3/toolchain/bin/../lib/gcc/arm-none-eabi/4.8.4/../../../../arm-none-eabi/lib/armv6-m/crt0.o (exit)
c:/freescale/kds_v3/toolchain/bin/../lib/gcc/arm-none-eabi/4.8.4/../../../../arm-none-eabi/lib/armv6-m\libg_s.a(lib_a-impure.o)
                              c:/freescale/kds_v3/toolchain/bin/../lib/gcc/arm-none-eabi/4.8.4/../../../../arm-none-eabi/lib/armv6-m\libg_s.a(lib_a-exit.o) (_global_impure_ptr)
c:/freescale/kds_v3/toolchain/bin/../lib/gcc/arm-none-eabi/4.8.4/../../../../arm-none-eabi/lib/armv6-m\libg_s.a(lib_a-init.o)
                              c:/freescale/kds_v3/toolchain/bin/../lib/gcc/arm-none-eabi/4.8.4/../../../../arm-none-eabi/lib/armv6-m/crt0.o (__libc_init_array)
c:/freescale/kds_v3/toolchain/bin/../lib/gcc/arm-none-eabi/4.8.4/../../../../arm-none-eabi/lib/armv6-m\libg_s.a(lib_a-memcpy-stub.o)
                              ./Static_Code/System/CPU_Init.o (memcpy)
c:/freescale/kds_v3/toolchain/bin/../lib/gcc/arm-none-eabi/4.8.4/../../../../arm-none-eabi/lib/armv6-m\libg_s.a(lib_a-memset.o)
                              c:/freescale/kds_v3/toolchain/bin/../lib/gcc/arm-none-eabi/4.8.4/../../../../arm-none-eabi/lib/armv6-m/crt0.o (memset)
c:/freescale/kds_v3/toolchain/bin/../lib/gcc/arm-none-eabi/4.8.4/../../../../arm-none-eabi/lib/armv6-m\libg_s.a(lib_a-printf.o)
                              ./MQXLITE/psp/cortex_m/psp_tipr.o (printf)
c:/freescale/kds_v3/toolchain/bin/../lib/gcc/arm-none-eabi/4.8.4/../../../../arm-none-eabi/lib/armv6-m\libg_s.a(lib_a-strncmp.o)
                              ./MQXLITE/kernel/task.o (strncmp)
c:/freescale/kds_v3/toolchain/bin/../lib/gcc/arm-none-eabi/4.8.4/../../../../arm-none-eabi/lib/armv6-m\libg_s.a(lib_a-vfprintf.o)
                              c:/freescale/kds_v3/toolchain/bin/../lib/gcc/arm-none-eabi/4.8.4/../../../../arm-none-eabi/lib/armv6-m\libg_s.a(lib_a-printf.o) (_vfprintf_r)
c:/freescale/kds_v3/toolchain/bin/../lib/gcc/arm-none-eabi/4.8.4/../../../../arm-none-eabi/lib/armv6-m\libg_s.a(lib_a-vfprintf_i.o)
[...]
Memory Configuration

Name             Origin             Length             Attributes
m_interrupts     0x00000000         0x000000c0         xr
m_text           0x00000410         0x0001fbf0         xr
m_data           0x1ffff000         0x00004000         rw
m_cfmprotrom     0x00000400         0x00000010         xr
*default*        0x00000000         0xffffffff

Linker script and memory map

LOAD c:/freescale/kds_v3/toolchain/bin/../lib/gcc/arm-none-eabi/4.8.4/armv6-m/crti.o
LOAD c:/freescale/kds_v3/toolchain/bin/../lib/gcc/arm-none-eabi/4.8.4/armv6-m/crtbegin.o
LOAD c:/freescale/kds_v3/toolchain/bin/../lib/gcc/arm-none-eabi/4.8.4/../../../../arm-none-eabi/lib/armv6-m/crt0.o
LOAD ./Static_Code/System/CPU_Init.o
LOAD ./Static_Code/System/Peripherals_Init.o
LOAD ./Static_Code/System/Vectors.o
LOAD ./Sources/Events.o
LOAD ./Sources/main.o
LOAD ./Sources/mqx_tasks.o
LOAD ./Sources/print.o
LOAD ./Sources/task.o
LOAD ./Project_Settings/Startup_Code/startup.o
LOAD ./MQXLITE/psp/cortex_m/core/M0/boot.o
LOAD ./MQXLITE/psp/cortex_m/core/M0/dispatch.o
LOAD ./MQXLITE/psp/cortex_m/cortex.o
LOAD ./MQXLITE/psp/cortex_m/int_gkis.o
LOAD ./MQXLITE/psp/cortex_m/int_inst.o
LOAD ./MQXLITE/psp/cortex_m/int_kisr.o
LOAD ./MQXLITE/psp/cortex_m/int_pvta.o
LOAD ./MQXLITE/psp/cortex_m/int_unx.o
LOAD ./MQXLITE/psp/cortex_m/int_vtab.o
LOAD ./MQXLITE/psp/cortex_m/int_xcpt.o
LOAD ./MQXLITE/psp/cortex_m/mem_zero.o
LOAD ./MQXLITE/psp/cortex_m/psp_iinit.o
LOAD ./MQXLITE/psp/cortex_m/psp_supp.o
LOAD ./MQXLITE/psp/cortex_m/psp_tiad.o
LOAD ./MQXLITE/psp/cortex_m/psp_tinm.o
LOAD ./MQXLITE/psp/cortex_m/psp_tipr.o
LOAD ./MQXLITE/psp/cortex_m/psp_tisu.o
LOAD ./MQXLITE/psp/cortex_m/sc_irdyq.o
LOAD ./MQXLITE/psp/cortex_m/stack_bu.o
LOAD ./MQXLITE/psp/cortex_m/stack_de.o
LOAD ./MQXLITE/psp/cortex_m/stack_st.o
LOAD ./MQXLITE/kernel/idletask.o
LOAD ./MQXLITE/kernel/int.o
LOAD ./MQXLITE/kernel/klog.o
LOAD ./MQXLITE/kernel/lwevent.o
LOAD ./MQXLITE/kernel/lwlog.o
LOAD ./MQXLITE/kernel/lwmem.o
LOAD ./MQXLITE/kernel/lwmsgq.o
LOAD ./MQXLITE/kernel/lwsem.o
LOAD ./MQXLITE/kernel/lwtimer.o
LOAD ./MQXLITE/kernel/mqx_utils.o
LOAD ./MQXLITE/kernel/mqxlite.o
LOAD ./MQXLITE/kernel/mutex.o
LOAD ./MQXLITE/kernel/qu_test.o
LOAD ./MQXLITE/kernel/sched.o
LOAD ./MQXLITE/kernel/task.o
LOAD ./MQXLITE/kernel/time_ticks.o
LOAD ./MQXLITE/config/task_template_list.o
LOAD ./Generated_Code/ADC.o
LOAD ./Generated_Code/ASerialLdd1.o
LOAD ./Generated_Code/AdcLdd1.o
LOAD ./Generated_Code/BitIoLdd1.o
LOAD ./Generated_Code/Blue.o
LOAD ./Generated_Code/Cpu.o
LOAD ./Generated_Code/MQX1.o
LOAD ./Generated_Code/PE_LDD.o
LOAD ./Generated_Code/Pedal.o
LOAD ./Generated_Code/SystemTimer1.o
LOAD c:/freescale/kds_v3/toolchain/bin/../lib/gcc/arm-none-eabi/4.8.4/../../../../arm-none-eabi/lib/armv6-m\libstdc++_s.a
LOAD c:/freescale/kds_v3/toolchain/bin/../lib/gcc/arm-none-eabi/4.8.4/../../../../arm-none-eabi/lib/armv6-m\libm.a
START GROUP
LOAD c:/freescale/kds_v3/toolchain/bin/../lib/gcc/arm-none-eabi/4.8.4/armv6-m\libgcc.a
LOAD c:/freescale/kds_v3/toolchain/bin/../lib/gcc/arm-none-eabi/4.8.4/../../../../arm-none-eabi/lib/armv6-m\libg_s.a
LOAD c:/freescale/kds_v3/toolchain/bin/../lib/gcc/arm-none-eabi/4.8.4/../../../../arm-none-eabi/lib/armv6-m\libc_s.a
END GROUP
START GROUP
LOAD c:/freescale/kds_v3/toolchain/bin/../lib/gcc/arm-none-eabi/4.8.4/armv6-m\libgcc.a
LOAD c:/freescale/kds_v3/toolchain/bin/../lib/gcc/arm-none-eabi/4.8.4/../../../../arm-none-eabi/lib/armv6-m\libc_s.a
LOAD c:/freescale/kds_v3/toolchain/bin/../lib/gcc/arm-none-eabi/4.8.4/../../../../arm-none-eabi/lib/armv6-m\libnosys.a
END GROUP
START GROUP
LOAD c:/freescale/kds_v3/toolchain/bin/../lib/gcc/arm-none-eabi/4.8.4/armv6-m\libgcc.a
LOAD c:/freescale/kds_v3/toolchain/bin/../lib/gcc/arm-none-eabi/4.8.4/../../../../arm-none-eabi/lib/armv6-m\libc_s.a
LOAD c:/freescale/kds_v3/toolchain/bin/../lib/gcc/arm-none-eabi/4.8.4/../../../../arm-none-eabi/lib/armv6-m\libnosys.a
END GROUP
LOAD c:/freescale/kds_v3/toolchain/bin/../lib/gcc/arm-none-eabi/4.8.4/armv6-m/crtend.o
LOAD c:/freescale/kds_v3/toolchain/bin/../lib/gcc/arm-none-eabi/4.8.4/armv6-m/crtn.o
                0x20003000                _estack = 0x20003000
                0x20003000                __SP_INIT = _estack
                0x20003000                __stack = _estack
                0x00000000                __heap_size = 0x0
                0x00000400                __stack_size = 0x400

.interrupts     0x00000000       0xc0
                0x00000000                __vector_table = .
                0x00000000                . = ALIGN (0x4)
 *(.vectortable)
 .vectortable   0x00000000       0xc0 ./Static_Code/System/Vectors.o
                0x00000000                __vect_table
                0x000000c0                . = ALIGN (0x4)

.cfmprotect     0x00000400       0x10
                0x00000400                . = ALIGN (0x4)
 *(.cfmconfig)
 .cfmconfig     0x00000400       0x10 ./Static_Code/System/CPU_Init.o
                0x00000400                _cfm
                0x00000410                . = ALIGN (0x4)

.text           0x00000410     0x463c
                0x00000410                . = ALIGN (0x4)
 *(.text)
 .text          0x00000410       0x60 c:/freescale/kds_v3/toolchain/bin/../lib/gcc/arm-none-eabi/4.8.4/armv6-m/crtbegin.o
 .text          0x00000470       0x78 c:/freescale/kds_v3/toolchain/bin/../lib/gcc/arm-none-eabi/4.8.4/../../../../arm-none-eabi/lib/armv6-m/crt0.o
                0x00000470                _start
                0x00000470                _mainCRTStartup
 .text          0x000004e8       0x34 ./MQXLITE/psp/cortex_m/core/M0/boot.o
                0x000004e8                __boot
 .text          0x0000051c       0x9c c:/freescale/kds_v3/toolchain/bin/../lib/gcc/arm-none-eabi/4.8.4/armv6-m\libgcc.a(_udivsi3.o)
                0x0000051c                __aeabi_uidiv
                0x0000051c                __udivsi3
                0x000005a4                __aeabi_uidivmod
 .text          0x000005b8        0x4 c:/freescale/kds_v3/toolchain/bin/../lib/gcc/arm-none-eabi/4.8.4/armv6-m\libgcc.a(_dvmd_tls.o)
                0x000005b8                __aeabi_idiv0
                0x000005b8                __aeabi_ldiv0
 .text          0x000005bc       0x74 c:/freescale/kds_v3/toolchain/bin/../lib/gcc/arm-none-eabi/4.8.4/armv6-m\libgcc.a(_arm_cmpsf2.o)
                0x000005bc                __aeabi_cfrcmple
                0x000005c4                __aeabi_cfcmpeq
                0x000005c4                __aeabi_cfcmple
                0x000005d4                __aeabi_fcmpeq
                0x000005e0                __aeabi_fcmplt
                0x000005f4                __aeabi_fcmple
                0x00000608                __aeabi_fcmpgt
                0x0000061c                __aeabi_fcmpge
 .text          0x00000630       0x30 c:/freescale/kds_v3/toolchain/bin/../lib/gcc/arm-none-eabi/4.8.4/armv6-m\libgcc.a(_fixunssfsi.o)
                0x00000630                __fixunssfsi
                0x00000630                __aeabi_f2uiz
 .text          0x00000660      0x24c c:/freescale/kds_v3/toolchain/bin/../lib/gcc/arm-none-eabi/4.8.4/armv6-m\libgcc.a(divsf3.o)
                0x00000660                __aeabi_fdiv
 .text          0x000008ac       0x54 c:/freescale/kds_v3/toolchain/bin/../lib/gcc/arm-none-eabi/4.8.4/armv6-m\libgcc.a(eqsf2.o)
                0x000008ac                __eqsf2
                0x000008ac                __nesf2
 .text          0x00000900       0x90 c:/freescale/kds_v3/toolchain/bin/../lib/gcc/arm-none-eabi/4.8.4/armv6-m\libgcc.a(gesf2.o)
                0x00000900                __gesf2
                0x00000900                __gtsf2
 .text          0x00000990       0x98 c:/freescale/kds_v3/toolchain/bin/../lib/gcc/arm-none-eabi/4.8.4/armv6-m\libgcc.a(lesf2.o)
                0x00000990                __ltsf2
                0x00000990                __lesf2
 .text          0x00000a28      0x254 c:/freescale/kds_v3/toolchain/bin/../lib/gcc/arm-none-eabi/4.8.4/armv6-m\libgcc.a(mulsf3.o)
                0x00000a28                __aeabi_fmul
 .text          0x00000c7c      0x2ec c:/freescale/kds_v3/toolchain/bin/../lib/gcc/arm-none-eabi/4.8.4/armv6-m\libgcc.a(subsf3.o)
                0x00000c7c                __aeabi_fsub
 .text          0x00000f68       0x40 c:/freescale/kds_v3/toolchain/bin/../lib/gcc/arm-none-eabi/4.8.4/armv6-m\libgcc.a(fixsfsi.o)
                0x00000f68                __aeabi_f2iz
 .text          0x00000fa8       0xb8 c:/freescale/kds_v3/toolchain/bin/../lib/gcc/arm-none-eabi/4.8.4/armv6-m\libgcc.a(floatsisf.o)
                0x00000fa8                __aeabi_i2f
 .text          0x00001060       0xa4 c:/freescale/kds_v3/toolchain/bin/../lib/gcc/arm-none-eabi/4.8.4/armv6-m\libgcc.a(extendsfdf2.o)
                0x00001060                __aeabi_f2d
 .text          0x00001104       0x3c c:/freescale/kds_v3/toolchain/bin/../lib/gcc/arm-none-eabi/4.8.4/armv6-m\libgcc.a(_clzsi2.o)
                0x00001104                __clzsi2
 *(.text*)
 .text.__init_hardware
                0x00001140       0x4c ./Static_Code/System/CPU_Init.o
                0x00001140                __init_hardware
 .text.PE_low_level_init
                0x0000118c       0x58 ./Static_Code/System/CPU_Init.o
                0x0000118c                PE_low_level_init
 .text.CPU_GetClockGenMode
                0x000011e4       0x6c ./Static_Code/System/CPU_Init.o
                0x000011e4                CPU_GetClockGenMode
 .text.CPU_SetClockConfigGenMode
                0x00001250      0x280 ./Static_Code/System/CPU_Init.o
                0x00001250                CPU_SetClockConfigGenMode
 .text.UnhandledInterrupt
                0x000014d0        0xc ./Static_Code/System/Vectors.o
                0x000014d0                UnhandledInterrupt
 .text.Cpu_OnNMI
                0x000014dc        0x8 ./Sources/Events.o
                0x000014dc                Cpu_OnNMI
 .text.ADC_OnEnd
                0x000014e4        0x8 ./Sources/Events.o
                0x000014e4                ADC_OnEnd
 .text.main     0x000014ec       0x10 ./Sources/main.o
                0x000014ec                main
 .text.Task_task
                0x000014fc       0x14 ./Sources/mqx_tasks.o
                0x000014fc                Task_task
 .text.UARTwrite
                0x00001510       0x38 ./Sources/print.o
                0x00001510                UARTwrite
 .text.UARTprintf
                0x00001548      0x2b8 ./Sources/print.o
                0x00001548                UARTprintf
 .text.IsPedalToggle
                0x00001800       0x40 ./Sources/task.o
                0x00001800                IsPedalToggle
 .text.run      0x00001840      0x168 ./Sources/task.o
                0x00001840                run
 .text.__copy_rom_section
                0x000019a8       0xd8 ./Project_Settings/Startup_Code/startup.o
                0x000019a8                __copy_rom_section
 .text.__copy_rom_sections_to_ram
                0x00001a80       0x98 ./Project_Settings/Startup_Code/startup.o
                0x00001a80                __copy_rom_sections_to_ram
 .text.__init_registers
                0x00001b18        0x8 ./Project_Settings/Startup_Code/startup.o
                0x00001b18                __init_registers
 .text.__init_user
                0x00001b20        0x8 ./Project_Settings/Startup_Code/startup.o
                0x00001b20                __init_user
 .text.__thumb_startup
                0x00001b28       0x30 ./Project_Settings/Startup_Code/startup.o
                0x00001b28                __thumb_startup
 .text._psp_int_install
                0x00001b58       0x20 ./MQXLITE/psp/cortex_m/int_inst.o
                0x00001b58                _psp_int_install
 .text._int_set_vector_table
                0x00001b78       0x2c ./MQXLITE/psp/cortex_m/int_vtab.o
                0x00001b78                _int_set_vector_table
 .text._mem_zero
                0x00001ba4      0x188 ./MQXLITE/psp/cortex_m/mem_zero.o
                0x00001ba4                _mem_zero
 .text._psp_int_init
                0x00001d2c       0x30 ./MQXLITE/psp/cortex_m/psp_iinit.o
                0x00001d2c                _psp_int_init
 .text._psp_normalize_ticks
                0x00001d5c       0x6c ./MQXLITE/psp/cortex_m/psp_tinm.o
                0x00001d5c                _psp_normalize_ticks
 .text._psp_set_kernel_disable_level
                0x00001dc8       0xa4 ./MQXLITE/psp/cortex_m/sc_irdyq.o
                0x00001dc8                _psp_set_kernel_disable_level
 .text._psp_init_readyqs
                0x00001e6c       0xac ./MQXLITE/psp/cortex_m/sc_irdyq.o
                0x00001e6c                _psp_init_readyqs
 .text._psp_build_stack_frame
                0x00001f18       0x80 ./MQXLITE/psp/cortex_m/stack_bu.o
                0x00001f18                _psp_build_stack_frame
 .text._psp_destroy_stack_frame
                0x00001f98       0x10 ./MQXLITE/psp/cortex_m/stack_de.o
                0x00001f98                _psp_destroy_stack_frame
 .text._mqx_idle_task
                0x00001fa8       0x14 ./MQXLITE/kernel/idletask.o
                0x00001fa8                _mqx_idle_task
 .text._int_default_isr
                0x00001fbc       0x5c ./MQXLITE/kernel/int.o
                0x00001fbc                _int_default_isr
 .text._int_disable
                0x00002018       0x2c ./MQXLITE/kernel/int.o
                0x00002018                _int_disable
 .text._int_enable
                0x00002044       0x40 ./MQXLITE/kernel/int.o
                0x00002044                _int_enable
 .text._int_get_isr_data
                0x00002084       0x68 ./MQXLITE/kernel/int.o
                0x00002084                _int_get_isr_data
 .text._int_install_isr
                0x000020ec       0x84 ./MQXLITE/kernel/int.o
                0x000020ec                _int_install_isr
 .text._int_init
                0x00002170       0x88 ./MQXLITE/kernel/int.o
                0x00002170                _int_init
 .text._lwsem_create_internal
                0x000021f8       0xc8 ./MQXLITE/kernel/lwsem.o
                0x000021f8                _lwsem_create_internal
 .text._lwsem_create
                0x000022c0       0x24 ./MQXLITE/kernel/lwsem.o
                0x000022c0                _lwsem_create
 .text._lwsem_post
                0x000022e4      0x154 ./MQXLITE/kernel/lwsem.o
                0x000022e4                _lwsem_post
 .text._lwsem_wait
                0x00002438      0x114 ./MQXLITE/kernel/lwsem.o
                0x00002438                _lwsem_wait
 .text._mqx_set_cpu_type
                0x0000254c       0x20 ./MQXLITE/kernel/mqx_utils.o
                0x0000254c                _mqx_set_cpu_type
 .text._mqx_init_kernel_data_internal
                0x0000256c      0x19c ./MQXLITE/kernel/mqx_utils.o
                0x0000256c                _mqx_init_kernel_data_internal
 .text._mqxlite_init
                0x00002708      0x118 ./MQXLITE/kernel/mqxlite.o
                0x00002708                _mqxlite_init
 .text._mqxlite
                0x00002820       0xcc ./MQXLITE/kernel/mqxlite.o
                0x00002820                _mqxlite
 .text._mqx_exit
                0x000028ec       0x18 ./MQXLITE/kernel/mqxlite.o
                0x000028ec                _mqx_exit
 .text._task_destroy_internal
                0x00002904      0x280 ./MQXLITE/kernel/task.o
                0x00002904                _task_destroy_internal
 .text._task_destroy
                0x00002b84       0x1c ./MQXLITE/kernel/task.o
                0x00002b84                _task_destroy
 .text._task_get_td
                0x00002ba0       0xb0 ./MQXLITE/kernel/task.o
                0x00002ba0                _task_get_td
 .text._task_set_error
                0x00002c50       0x48 ./MQXLITE/kernel/task.o
                0x00002c50                _task_set_error
 .text._task_exit_function_internal
                0x00002c98       0x24 ./MQXLITE/kernel/task.o
                0x00002c98                _task_exit_function_internal
 .text._task_init_internal
                0x00002cbc      0x1a8 ./MQXLITE/kernel/task.o
                0x00002cbc                _task_init_internal
 .text._task_fill_stack_internal
                0x00002e64       0x34 ./MQXLITE/kernel/task.o
                0x00002e64                _task_fill_stack_internal
 .text._task_ready_internal
                0x00002e98       0x44 ./MQXLITE/kernel/task.o
                0x00002e98                _task_ready_internal
 .text._task_alloc_td_internal
                0x00002edc      0x130 ./MQXLITE/kernel/task.o
                0x00002edc                _task_alloc_td_internal
 .text._task_set_error_td_internal
                0x0000300c       0x2c ./MQXLITE/kernel/task.o
                0x0000300c                _task_set_error_td_internal
 .text._time_delay_internal
                0x00003038       0xf8 ./MQXLITE/kernel/time_ticks.o
                0x00003038                _time_delay_internal
 .text._time_delay_ticks
                0x00003130       0x74 ./MQXLITE/kernel/time_ticks.o
                0x00003130                _time_delay_ticks
 .text._time_notify_kernel
                0x000031a4      0x1a0 ./MQXLITE/kernel/time_ticks.o
                0x000031a4                _time_notify_kernel
 .text._time_set_hwtick_function
                0x00003344       0x28 ./MQXLITE/kernel/time_ticks.o
                0x00003344                _time_set_hwtick_function
 .text._time_set_hwticks_per_tick
                0x0000336c       0x20 ./MQXLITE/kernel/time_ticks.o
                0x0000336c                _time_set_hwticks_per_tick
 .text.ADC_HWEnDi
                0x0000338c       0x44 ./Generated_Code/ADC.o
                0x0000338c                ADC_HWEnDi
 .text.ADC_Measure
                0x000033d0       0x48 ./Generated_Code/ADC.o
                0x000033d0                ADC_Measure
 .text.ADC_GetValue16
                0x00003418       0x38 ./Generated_Code/ADC.o
                0x00003418                ADC_GetValue16
 .text.AdcLdd1_OnMeasurementComplete
                0x00003450       0x3c ./Generated_Code/ADC.o
                0x00003450                AdcLdd1_OnMeasurementComplete
 .text.ADC_Init
                0x0000348c       0x2c ./Generated_Code/ADC.o
                0x0000348c                ADC_Init
 .text.ASerialLdd1_Init
                0x000034b8      0x16c ./Generated_Code/ASerialLdd1.o
                0x000034b8                ASerialLdd1_Init
 .text.ASerialLdd1_ReceiveBlock
                0x00003624       0x50 ./Generated_Code/ASerialLdd1.o
                0x00003624                ASerialLdd1_ReceiveBlock
 .text.ASerialLdd1_SendBlock
                0x00003674       0x80 ./Generated_Code/ASerialLdd1.o
                0x00003674                ASerialLdd1_SendBlock
 .text.InterruptRx
                0x000036f4       0x58 ./Generated_Code/ASerialLdd1.o
 .text.InterruptTx
                0x0000374c       0x80 ./Generated_Code/ASerialLdd1.o
 .text.ASerialLdd1_Interrupt
                0x000037cc       0xe4 ./Generated_Code/ASerialLdd1.o
                0x000037cc                ASerialLdd1_Interrupt
 .text.ASerialLdd1_GetError
                0x000038b0       0x30 ./Generated_Code/ASerialLdd1.o
                0x000038b0                ASerialLdd1_GetError
 .text.AdcLdd1_Init
                0x000038e0      0x108 ./Generated_Code/AdcLdd1.o
                0x000038e0                AdcLdd1_Init
 .text.AdcLdd1_StartSingleMeasurement
                0x000039e8       0x8c ./Generated_Code/AdcLdd1.o
                0x000039e8                AdcLdd1_StartSingleMeasurement
 .text.AdcLdd1_CreateSampleGroup
                0x00003a74       0xb8 ./Generated_Code/AdcLdd1.o
                0x00003a74                AdcLdd1_CreateSampleGroup
 .text.AdcLdd1_GetMeasuredValues
                0x00003b2c       0x68 ./Generated_Code/AdcLdd1.o
                0x00003b2c                AdcLdd1_GetMeasuredValues
 .text.AdcLdd1_MeasurementCompleteInterrupt
                0x00003b94       0x68 ./Generated_Code/AdcLdd1.o
                0x00003b94                AdcLdd1_MeasurementCompleteInterrupt
 .text.BitIoLdd1_Init
                0x00003bfc       0x48 ./Generated_Code/BitIoLdd1.o
                0x00003bfc                BitIoLdd1_Init
 .text.BitIoLdd1_GetVal
                0x00003c44       0x28 ./Generated_Code/BitIoLdd1.o
                0x00003c44                BitIoLdd1_GetVal
 .text.HWEnDi   0x00003c6c       0x20 ./Generated_Code/Blue.o
 .text.Blue_SendBlock
                0x00003c8c      0x13c ./Generated_Code/Blue.o
                0x00003c8c                Blue_SendBlock
 .text.Blue_GetCharsInTxBuf
                0x00003dc8       0x14 ./Generated_Code/Blue.o
                0x00003dc8                Blue_GetCharsInTxBuf
 .text.Blue_Init
                0x00003ddc       0x64 ./Generated_Code/Blue.o
                0x00003ddc                Blue_Init
 .text.ASerialLdd1_OnBlockReceived
                0x00003e40       0x7c ./Generated_Code/Blue.o
                0x00003e40                ASerialLdd1_OnBlockReceived
 .text.ASerialLdd1_OnBlockSent
                0x00003ebc       0x88 ./Generated_Code/Blue.o
                0x00003ebc                ASerialLdd1_OnBlockSent
 .text.ASerialLdd1_OnError
                0x00003f44       0x90 ./Generated_Code/Blue.o
                0x00003f44                ASerialLdd1_OnError
 .text.ASerialLdd1_OnBreak
                0x00003fd4       0x20 ./Generated_Code/Blue.o
                0x00003fd4                ASerialLdd1_OnBreak
 .text.Components_Init
                0x00003ff4       0x18 ./Generated_Code/Cpu.o
                0x00003ff4                Components_Init
 .text.Cpu_INT_NMIInterrupt
                0x0000400c        0xc ./Generated_Code/Cpu.o
                0x0000400c                Cpu_INT_NMIInterrupt
 .text.SystemTimer1_OnCounterRestart
                0x00004018       0x14 ./Generated_Code/MQX1.o
                0x00004018                SystemTimer1_OnCounterRestart
 .text.SystemTimer1_GetTicsPerSecond
                0x0000402c       0x34 ./Generated_Code/MQX1.o
                0x0000402c                SystemTimer1_GetTicsPerSecond
 .text.system_timer_init
                0x00004060       0x6c ./Generated_Code/MQX1.o
                0x00004060                system_timer_init
 .text.system_timer_start
                0x000040cc       0x20 ./Generated_Code/MQX1.o
                0x000040cc                system_timer_start
 .text.SystemTimer1_Init
                0x000040ec       0x8c ./Generated_Code/SystemTimer1.o
                0x000040ec                SystemTimer1_Init
 .text.SystemTimer1_Enable
                0x00004178       0x24 ./Generated_Code/SystemTimer1.o
                0x00004178                SystemTimer1_Enable
 .text.SystemTimer1_GetInputFrequency
                0x0000419c       0x18 ./Generated_Code/SystemTimer1.o
                0x0000419c                SystemTimer1_GetInputFrequency
 .text.SystemTimer1_GetPeriodTicks
                0x000041b4       0x38 ./Generated_Code/SystemTimer1.o
                0x000041b4                SystemTimer1_GetPeriodTicks
 .text.SystemTimer1_GetCounterValue
                0x000041ec       0x18 ./Generated_Code/SystemTimer1.o
                0x000041ec                SystemTimer1_GetCounterValue
 .text.SystemTimer1_Interrupt
                0x00004204       0x30 ./Generated_Code/SystemTimer1.o
                0x00004204                SystemTimer1_Interrupt
 .text.exit     0x00004234       0x2c c:/freescale/kds_v3/toolchain/bin/../lib/gcc/arm-none-eabi/4.8.4/../../../../arm-none-eabi/lib/armv6-m\libg_s.a(lib_a-exit.o)
                0x00004234                exit
 .text.__libc_init_array
                0x00004260       0x4c c:/freescale/kds_v3/toolchain/bin/../lib/gcc/arm-none-eabi/4.8.4/../../../../arm-none-eabi/lib/armv6-m\libg_s.a(lib_a-init.o)
                0x00004260                __libc_init_array
 .text.memcpy   0x000042ac       0x12 c:/freescale/kds_v3/toolchain/bin/../lib/gcc/arm-none-eabi/4.8.4/../../../../arm-none-eabi/lib/armv6-m\libg_s.a(lib_a-memcpy-stub.o)
                0x000042ac                memcpy
 .text.memset   0x000042be       0x10 c:/freescale/kds_v3/toolchain/bin/../lib/gcc/arm-none-eabi/4.8.4/../../../../arm-none-eabi/lib/armv6-m\libg_s.a(lib_a-memset.o)
                0x000042be                memset
 *fill*         0x000042ce        0x2 
 .text._exit    0x000042d0        0x4 c:/freescale/kds_v3/toolchain/bin/../lib/gcc/arm-none-eabi/4.8.4/../../../../arm-none-eabi/lib/armv6-m\libnosys.a(_exit.o)
                0x000042d0                _exit
 *(.rodata)
 .rodata        0x000042d4       0x30 ./Sources/print.o
 .rodata        0x00004304       0x14 ./Sources/task.o
 .rodata        0x00004318       0x10 ./MQXLITE/kernel/mqx_utils.o
 .rodata        0x00004328       0xd8 ./MQXLITE/kernel/mqxlite.o
 .rodata        0x00004400        0x8 ./MQXLITE/config/task_template_list.o
 .rodata        0x00004408       0x40 c:/freescale/kds_v3/toolchain/bin/../lib/gcc/arm-none-eabi/4.8.4/armv6-m\libgcc.a(divsf3.o)
 .rodata        0x00004448       0x40 c:/freescale/kds_v3/toolchain/bin/../lib/gcc/arm-none-eabi/4.8.4/armv6-m\libgcc.a(mulsf3.o)
 *(.rodata*)
 .rodata.ClockGenModeMatrix
                0x00004488       0x48 ./Static_Code/System/CPU_Init.o
 .rodata.CPU_ClockConfigDescriptors
                0x000044d0       0x10 ./Static_Code/System/CPU_Init.o
 .rodata.CPU_DefaultFEI
                0x000044e0        0x8 ./Static_Code/System/CPU_Init.o
 .rodata.CPU_DefaultFBI
                0x000044e8        0x8 ./Static_Code/System/CPU_Init.o
 .rodata.CPU_DefaultFBILP
                0x000044f0        0x8 ./Static_Code/System/CPU_Init.o
 .rodata.CPU_DefaultFEE
                0x000044f8        0x8 ./Static_Code/System/CPU_Init.o
 .rodata.CPU_DefaultFBE
                0x00004500        0x8 ./Static_Code/System/CPU_Init.o
 .rodata.CPU_DefaultFBELP
                0x00004508        0x8 ./Static_Code/System/CPU_Init.o
 .rodata.CPU_ClockGenModeRegs
                0x00004510       0x18 ./Static_Code/System/CPU_Init.o
 .rodata.CPU_SetClockConfigGenMode
                0x00004528       0x30 ./Static_Code/System/CPU_Init.o
 .rodata.UARTprintf
                0x00004558      0x150 ./Sources/print.o
 .rodata._mem_zero
                0x000046a8       0x40 ./MQXLITE/psp/cortex_m/mem_zero.o
 .rodata._mqx_version_number
                0x000046e8        0x4 ./MQXLITE/kernel/mqxlite.o
                0x000046e8                _mqx_version_number
 .rodata._mqx_vendor
                0x000046ec        0x4 ./MQXLITE/kernel/mqxlite.o
                0x000046ec                _mqx_vendor
 .rodata._mqx_path
                0x000046f0        0x4 ./MQXLITE/kernel/mqxlite.o
                0x000046f0                _mqx_path
 .rodata._mqxlite_version_number
                0x000046f4        0x4 ./MQXLITE/kernel/mqxlite.o
                0x000046f4                _mqxlite_version_number
 .rodata.MQX_template_list
                0x000046f8       0x38 ./MQXLITE/config/task_template_list.o
                0x000046f8                MQX_template_list
 .rodata.MQX_init_struct
                0x00004730       0x24 ./Generated_Code/MQX1.o
                0x00004730                MQX_init_struct
 .rodata.str1.1
                0x00004754        0x2 c:/freescale/kds_v3/toolchain/bin/../lib/gcc/arm-none-eabi/4.8.4/../../../../arm-none-eabi/lib/armv6-m\libg_s.a(lib_a-impure.o)
 *fill*         0x00004756        0x2 
 .rodata._global_impure_ptr
                0x00004758        0x4 c:/freescale/kds_v3/toolchain/bin/../lib/gcc/arm-none-eabi/4.8.4/../../../../arm-none-eabi/lib/armv6-m\libg_s.a(lib_a-impure.o)
                0x00004758                _global_impure_ptr
 .rodata.__sf_fake_stdin
                0x0000475c       0x20 c:/freescale/kds_v3/toolchain/bin/../lib/gcc/arm-none-eabi/4.8.4/../../../../arm-none-eabi/lib/armv6-m\libg_s.a(lib_a-findfp.o)
                0x0000475c                __sf_fake_stdin
 .rodata.__sf_fake_stdout
                0x0000477c       0x20 c:/freescale/kds_v3/toolchain/bin/../lib/gcc/arm-none-eabi/4.8.4/../../../../arm-none-eabi/lib/armv6-m\libg_s.a(lib_a-findfp.o)
                0x0000477c                __sf_fake_stdout
 .rodata.__sf_fake_stderr
                0x0000479c       0x20 c:/freescale/kds_v3/toolchain/bin/../lib/gcc/arm-none-eabi/4.8.4/../../../../arm-none-eabi/lib/armv6-m\libg_s.a(lib_a-findfp.o)
                0x0000479c                __sf_fake_stderr
 *(.glue_7)
 .glue_7        0x00000000        0x0 linker stubs
 *(.glue_7t)
 .glue_7t       0x00000000        0x0 linker stubs
 *(.eh_frame)
 .eh_frame      0x000047bc        0x0 c:/freescale/kds_v3/toolchain/bin/../lib/gcc/arm-none-eabi/4.8.4/armv6-m/crtbegin.o
 *(.init)
 .init          0x000047bc        0x4 c:/freescale/kds_v3/toolchain/bin/../lib/gcc/arm-none-eabi/4.8.4/armv6-m/crti.o
                0x000047bc                _init
 .init          0x000047c0        0x8 c:/freescale/kds_v3/toolchain/bin/../lib/gcc/arm-none-eabi/4.8.4/armv6-m/crtn.o
 *(.fini)
 .fini          0x000047c8        0x4 c:/freescale/kds_v3/toolchain/bin/../lib/gcc/arm-none-eabi/4.8.4/armv6-m/crti.o
                0x000047c8                _fini
 .fini          0x000047cc        0x8 c:/freescale/kds_v3/toolchain/bin/../lib/gcc/arm-none-eabi/4.8.4/armv6-m/crtn.o
                0x000047d4                . = ALIGN (0x4)
 *(KERNEL)
 KERNEL         0x000047d4      0x278 ./MQXLITE/psp/cortex_m/core/M0/dispatch.o
                0x000047d4                _sched_start_internal
                0x000047da                _sched_run_internal
                0x000047e0                _sched_check_scheduler_internal
                0x000047f8                _sched_execute_scheduler_internal
                0x000048c0                _mqx_api_call
                0x000048c2                _task_block
                0x0000490a                _int_kernel_isr
                0x000049b4                _psp_exception_return
                0x000049ec                _mem_test_and_set
                0x00004a02                __get_PSP
                0x00004a08                __get_MSP
                0x00004a0e                __set_MSP
                0x00004a14                __get_PSR
                0x00004a1a                __enable_interrupt
                0x00004a1e                __disable_interrupt
                0x00004a22                __get_LR
                0x00004a26                __get_PC
                0x00004a2a                __get_CONTROL
                0x00000000                __VECTOR_TABLE_START = __vector_table
                0x00004a4c                . = ALIGN (0x4)
 *(.rdata)
                0x00004a4c                . = ALIGN (0x4)
 *(.exception)
                0x00004a4c                . = ALIGN (0x4)
                0x00004a4c                __exception_table_start__ = .
                0x00004a4c                __exception_table_end__ = .
                0x00004a4c                __sinit__ = .
                0x00004a4c                _etext = .

.vfp11_veneer   0x00004a4c        0x0
 .vfp11_veneer  0x00000000        0x0 linker stubs

.v4_bx          0x00004a4c        0x0
 .v4_bx         0x00000000        0x0 linker stubs

.iplt           0x00004a4c        0x0
 .iplt          0x00000000        0x0 c:/freescale/kds_v3/toolchain/bin/../lib/gcc/arm-none-eabi/4.8.4/armv6-m/crtbegin.o

.ARM.extab
 *(.ARM.extab* .gnu.linkonce.armextab.*)

.ARM            0x00004a4c        0x8
                0x00004a4c                __exidx_start = .
 *(.ARM.exidx*)
 .ARM.exidx     0x00004a4c        0x8 c:/freescale/kds_v3/toolchain/bin/../lib/gcc/arm-none-eabi/4.8.4/../../../../arm-none-eabi/lib/armv6-m/crt0.o
                0x00004a54                __exidx_end = .

.rel.dyn        0x00004a54        0x0
 .rel.iplt      0x00000000        0x0 c:/freescale/kds_v3/toolchain/bin/../lib/gcc/arm-none-eabi/4.8.4/armv6-m/crtbegin.o

.ctors          0x00004a54        0x0
                0x00004a54                __CTOR_LIST__ = .
 *crtbegin.o(.ctors)
 *(EXCLUDE_FILE(*crtend.o) .ctors)
 *(SORT(.ctors.*))
 *(.ctors)
                0x00004a54                __CTOR_END__ = .

.dtors          0x00004a54        0x0
                0x00004a54                __DTOR_LIST__ = .
 *crtbegin.o(.dtors)
 *(EXCLUDE_FILE(*crtend.o) .dtors)
 *(SORT(.dtors.*))
 *(.dtors)
                0x00004a54                __DTOR_END__ = .

.preinit_array  0x00004a54        0x0
                0x00004a54                PROVIDE (__preinit_array_start, .)
 *(.preinit_array*)
                0x00004a54                PROVIDE (__preinit_array_end, .)

.init_array     0x00004a54        0x4
                0x00004a54                PROVIDE (__init_array_start, .)
 *(SORT(.init_array.*))
 *(.init_array*)
 .init_array    0x00004a54        0x4 c:/freescale/kds_v3/toolchain/bin/../lib/gcc/arm-none-eabi/4.8.4/armv6-m/crtbegin.o
                0x00004a58                PROVIDE (__init_array_end, .)

.fini_array     0x00004a58        0x4
                0x00004a58                PROVIDE (__fini_array_start, .)
 *(SORT(.fini_array.*))
 *(.fini_array*)
 .fini_array    0x00004a58        0x4 c:/freescale/kds_v3/toolchain/bin/../lib/gcc/arm-none-eabi/4.8.4/armv6-m/crtbegin.o
                0x00004a5c                PROVIDE (__fini_array_end, .)
                0x00004a5c                ___ROM_AT = .

.mtb            0x1ffff000        0x0
                0x1ffff000                . = ALIGN (0x8)
                0x1ffff000                _mtb_start = .
 *(.mtb_buf)
                0x1ffff000                . = ALIGN (0x8)
                0x1ffff000                _mtb_end = .

.data           0x1ffff000       0x70 load address 0x00004a5c
                0x1ffff000                . = ALIGN (0x4)
                0x1ffff000                _sdata = .
 *(.data)
 *(.data*)
 .data.Pedal_pre
                0x1ffff000        0x1 ./Sources/task.o
 *fill*         0x1ffff001        0x3 
 .data._mqx_kernel_data
                0x1ffff004        0x4 ./MQXLITE/kernel/mqxlite.o
                0x1ffff004                _mqx_kernel_data
 .data.mqx_task_stack_pointers
                0x1ffff008        0x8 ./Generated_Code/MQX1.o
                0x1ffff008                mqx_task_stack_pointers
 .data.impure_data
                0x1ffff010       0x60 c:/freescale/kds_v3/toolchain/bin/../lib/gcc/arm-none-eabi/4.8.4/../../../../arm-none-eabi/lib/armv6-m\libg_s.a(lib_a-impure.o)
                0x1ffff070                . = ALIGN (0x4)
                0x1ffff070                _edata = .
                0x00000070                ___data_size = (_edata - _sdata)

.jcr            0x1ffff070        0x0 load address 0x00004acc
 .jcr           0x1ffff070        0x0 c:/freescale/kds_v3/toolchain/bin/../lib/gcc/arm-none-eabi/4.8.4/armv6-m/crtbegin.o

.igot.plt       0x1ffff070        0x0 load address 0x00004acc
 .igot.plt      0x00000000        0x0 c:/freescale/kds_v3/toolchain/bin/../lib/gcc/arm-none-eabi/4.8.4/armv6-m/crtbegin.o
                0x1ffff070                . = ALIGN (0x4)

.bss            0x1ffff070      0x970 load address 0x00004acc
                0x1ffff070                __START_BSS = .
                0x1ffff070                PROVIDE (__bss_start__, __START_BSS)
 *(.bss)
 .bss           0x1ffff070       0x1c c:/freescale/kds_v3/toolchain/bin/../lib/gcc/arm-none-eabi/4.8.4/armv6-m/crtbegin.o
 *(.bss*)
 .bss.SR_lock   0x1ffff08c        0x1 ./Static_Code/System/CPU_Init.o
                0x1ffff08c                SR_lock
 *fill*         0x1ffff08d        0x3 
 .bss.run_cnt   0x1ffff090        0x4 ./Sources/task.o
                0x1ffff090                run_cnt
 .bss.ModeFlg   0x1ffff094        0x1 ./Generated_Code/ADC.o
 *fill*         0x1ffff095        0x3 
 .bss.SampleGroup
                0x1ffff098        0x4 ./Generated_Code/ADC.o
 .bss.OutFlg    0x1ffff09c        0x1 ./Generated_Code/ADC.o
 *fill*         0x1ffff09d        0x3 
 .bss.DeviceDataPrv__DEFAULT_RTOS_ALLOC
                0x1ffff0a0       0x28 ./Generated_Code/ASerialLdd1.o
 .bss.DeviceDataPrv__DEFAULT_RTOS_ALLOC
                0x1ffff0c8       0x30 ./Generated_Code/AdcLdd1.o
 .bss.DeviceDataPrv__DEFAULT_RTOS_ALLOC
                0x1ffff0f8        0x4 ./Generated_Code/BitIoLdd1.o
 .bss.SerFlag   0x1ffff0fc        0x2 ./Generated_Code/Blue.o
 .bss.Blue_InpLen
                0x1ffff0fe        0x2 ./Generated_Code/Blue.o
 .bss.InpIndexR
                0x1ffff100        0x2 ./Generated_Code/Blue.o
 .bss.InpIndexW
                0x1ffff102        0x2 ./Generated_Code/Blue.o
 .bss.InpBuffer
                0x1ffff104        0xc ./Generated_Code/Blue.o
 .bss.BufferRead
                0x1ffff110        0x1 ./Generated_Code/Blue.o
 *fill*         0x1ffff111        0x1 
 .bss.Blue_OutLen
                0x1ffff112        0x2 ./Generated_Code/Blue.o
 .bss.OutIndexR
                0x1ffff114        0x2 ./Generated_Code/Blue.o
 .bss.OutIndexW
                0x1ffff116        0x2 ./Generated_Code/Blue.o
 .bss.OutBuffer
                0x1ffff118       0x34 ./Generated_Code/Blue.o
 .bss.SystemTimerDeviceDataPtr
                0x1ffff14c        0x4 ./Generated_Code/MQX1.o
 .bss.PE_LDD_DeviceDataList
                0x1ffff150       0x10 ./Generated_Code/PE_LDD.o
                0x1ffff150                PE_LDD_DeviceDataList
 .bss.DeviceDataPrv__DEFAULT_RTOS_ALLOC
                0x1ffff160        0xc ./Generated_Code/SystemTimer1.o
 *(COMMON)
 COMMON         0x1ffff16c        0x1 ./Static_Code/System/CPU_Init.o
                0x1ffff16c                SR_reg
 *fill*         0x1ffff16d        0x3 
 COMMON         0x1ffff170        0x8 ./Generated_Code/ADC.o
                0x1ffff170                ADC_OutV
                0x1ffff174                AdcLdd1_DeviceDataPtr
 COMMON         0x1ffff178        0x4 ./Generated_Code/Blue.o
                0x1ffff178                ASerialLdd1_DeviceDataPtr
 COMMON         0x1ffff17c      0x864 ./Generated_Code/MQX1.o
                0x1ffff17c                _mqx_kernel_data_struct
                0x1ffff3b0                mqx_interrupt_stack
                0x1ffff4c0                mqx_static_ready_queue
                0x1ffff560                mqx_static_isr_table
                0x1ffff62c                mqx_idle_task_stack
                0x1ffff758                Task_task_stack
                0x1ffff9e0                . = ALIGN (0x4)
                0x1ffff9e0                __END_BSS = .
                0x1ffff9e0                PROVIDE (__bss_end__, __END_BSS)
                0x00004acc                _romp_at = (___ROM_AT + SIZEOF (.data))

.romp           0x1ffff9e0       0x18 load address 0x00004acc
                0x00004acc                __S_romp = _romp_at
                0x1ffff9e0        0x4 LONG 0x4a5c ___ROM_AT
                0x1ffff9e4        0x4 LONG 0x1ffff000 _sdata
                0x1ffff9e8        0x4 LONG 0x70 ___data_size
                0x1ffff9ec        0x4 LONG 0x0
                0x1ffff9f0        0x4 LONG 0x0
                0x1ffff9f4        0x4 LONG 0x0
                0x00020000                text_end = (ORIGIN (m_text) + 0x1fbf0)
                0x00004ae4                data_init_end = ((___ROM_AT + SIZEOF (.data)) + SIZEOF (.romp))
                0x00000001                ASSERT ((data_init_end <= text_end), region m_text overflowed with text and data)

._user_heap_stack
                0x1ffff9f8      0x400 load address 0x00004ae4
                0x1ffff9f8                . = ALIGN (0x4)
                0x1ffff9f8                PROVIDE (end, .)
                0x1ffff9f8                PROVIDE (_end, .)
                0x1ffff9f8                PROVIDE (__end__, .)
                0x1ffff9f8                __heap_addr = .
                0x1ffff9f8                __HeapBase = .
                0x1ffff9f8                . = (. + __heap_size)
                0x1ffff9f8                __HeapLimit = .
                0x1ffffdf8                . = (. + __stack_size)
 *fill*         0x1ffff9f8      0x400 
                0x1ffffdf8                . = ALIGN (0x4)

.ARM.attributes
                0x00000000       0x28
 *(.ARM.attributes)
 .ARM.attributes
                0x00000000       0x1e c:/freescale/kds_v3/toolchain/bin/../lib/gcc/arm-none-eabi/4.8.4/armv6-m/crti.o
 .ARM.attributes
                0x0000001e       0x2c c:/freescale/kds_v3/toolchain/bin/../lib/gcc/arm-none-eabi/4.8.4/armv6-m/crtbegin.o
 .ARM.attributes
                0x0000004a       0x1b c:/freescale/kds_v3/toolchain/bin/../lib/gcc/arm-none-eabi/4.8.4/../../../../arm-none-eabi/lib/armv6-m/crt0.o
 .ARM.attributes
                0x00000065       0x32 ./Static_Code/System/CPU_Init.o
 .ARM.attributes
                0x00000097       0x32 ./Static_Code/System/Vectors.o
 .ARM.attributes
                0x000000c9       0x32 ./Sources/Events.o
 .ARM.attributes
                0x000000fb       0x32 ./Sources/main.o
 .ARM.attributes
                0x0000012d       0x32 ./Sources/mqx_tasks.o
 .ARM.attributes
                0x0000015f       0x32 ./Sources/print.o
 .ARM.attributes
                0x00000191       0x32 ./Sources/task.o
 .ARM.attributes
                0x000001c3       0x32 ./Project_Settings/Startup_Code/startup.o
 .ARM.attributes
                0x000001f5       0x22 ./MQXLITE/psp/cortex_m/core/M0/boot.o
 .ARM.attributes
                0x00000217       0x22 ./MQXLITE/psp/cortex_m/core/M0/dispatch.o
 .ARM.attributes
                0x00000239       0x32 ./MQXLITE/psp/cortex_m/int_inst.o
 .ARM.attributes
                0x0000026b       0x32 ./MQXLITE/psp/cortex_m/int_vtab.o
 .ARM.attributes
                0x0000029d       0x32 ./MQXLITE/psp/cortex_m/mem_zero.o
 .ARM.attributes
                0x000002cf       0x32 ./MQXLITE/psp/cortex_m/psp_iinit.o
 .ARM.attributes
                0x00000301       0x32 ./MQXLITE/psp/cortex_m/psp_tinm.o
 .ARM.attributes
                0x00000333       0x32 ./MQXLITE/psp/cortex_m/sc_irdyq.o
 .ARM.attributes
                0x00000365       0x32 ./MQXLITE/psp/cortex_m/stack_bu.o
 .ARM.attributes
                0x00000397       0x32 ./MQXLITE/psp/cortex_m/stack_de.o
 .ARM.attributes
                0x000003c9       0x32 ./MQXLITE/kernel/idletask.o
 .ARM.attributes
                0x000003fb       0x32 ./MQXLITE/kernel/int.o
 .ARM.attributes
                0x0000042d       0x32 ./MQXLITE/kernel/lwsem.o
 .ARM.attributes
                0x0000045f       0x32 ./MQXLITE/kernel/mqx_utils.o
 .ARM.attributes
                0x00000491       0x32 ./MQXLITE/kernel/mqxlite.o
 .ARM.attributes
                0x000004c3       0x32 ./MQXLITE/kernel/task.o
 .ARM.attributes
                0x000004f5       0x32 ./MQXLITE/kernel/time_ticks.o
 .ARM.attributes
                0x00000527       0x32 ./MQXLITE/config/task_template_list.o
 .ARM.attributes
                0x00000559       0x32 ./Generated_Code/ADC.o
 .ARM.attributes
                0x0000058b       0x32 ./Generated_Code/ASerialLdd1.o
 .ARM.attributes
                0x000005bd       0x32 ./Generated_Code/AdcLdd1.o
 .ARM.attributes
                0x000005ef       0x32 ./Generated_Code/BitIoLdd1.o
 .ARM.attributes
                0x00000621       0x32 ./Generated_Code/Blue.o
 .ARM.attributes
                0x00000653       0x32 ./Generated_Code/Cpu.o
 .ARM.attributes
                0x00000685       0x32 ./Generated_Code/MQX1.o
 .ARM.attributes
                0x000006b7       0x32 ./Generated_Code/PE_LDD.o
 .ARM.attributes
                0x000006e9       0x32 ./Generated_Code/SystemTimer1.o
 .ARM.attributes
                0x0000071b       0x1e c:/freescale/kds_v3/toolchain/bin/../lib/gcc/arm-none-eabi/4.8.4/armv6-m\libgcc.a(_udivsi3.o)
 .ARM.attributes
                0x00000739       0x1e c:/freescale/kds_v3/toolchain/bin/../lib/gcc/arm-none-eabi/4.8.4/armv6-m\libgcc.a(_dvmd_tls.o)
 .ARM.attributes
                0x00000757       0x1e c:/freescale/kds_v3/toolchain/bin/../lib/gcc/arm-none-eabi/4.8.4/armv6-m\libgcc.a(_arm_cmpsf2.o)
 .ARM.attributes
                0x00000775       0x2c c:/freescale/kds_v3/toolchain/bin/../lib/gcc/arm-none-eabi/4.8.4/armv6-m\libgcc.a(_fixunssfsi.o)
 .ARM.attributes
                0x000007a1       0x2c c:/freescale/kds_v3/toolchain/bin/../lib/gcc/arm-none-eabi/4.8.4/armv6-m\libgcc.a(divsf3.o)
 .ARM.attributes
                0x000007cd       0x2c c:/freescale/kds_v3/toolchain/bin/../lib/gcc/arm-none-eabi/4.8.4/armv6-m\libgcc.a(eqsf2.o)
 .ARM.attributes
                0x000007f9       0x2c c:/freescale/kds_v3/toolchain/bin/../lib/gcc/arm-none-eabi/4.8.4/armv6-m\libgcc.a(gesf2.o)
 .ARM.attributes
                0x00000825       0x2c c:/freescale/kds_v3/toolchain/bin/../lib/gcc/arm-none-eabi/4.8.4/armv6-m\libgcc.a(lesf2.o)
 .ARM.attributes
                0x00000851       0x2c c:/freescale/kds_v3/toolchain/bin/../lib/gcc/arm-none-eabi/4.8.4/armv6-m\libgcc.a(mulsf3.o)
 .ARM.attributes
                0x0000087d       0x2c c:/freescale/kds_v3/toolchain/bin/../lib/gcc/arm-none-eabi/4.8.4/armv6-m\libgcc.a(subsf3.o)
 .ARM.attributes
                0x000008a9       0x2c c:/freescale/kds_v3/toolchain/bin/../lib/gcc/arm-none-eabi/4.8.4/armv6-m\libgcc.a(fixsfsi.o)
 .ARM.attributes
                0x000008d5       0x2c c:/freescale/kds_v3/toolchain/bin/../lib/gcc/arm-none-eabi/4.8.4/armv6-m\libgcc.a(floatsisf.o)
 .ARM.attributes
                0x00000901       0x2c c:/freescale/kds_v3/toolchain/bin/../lib/gcc/arm-none-eabi/4.8.4/armv6-m\libgcc.a(extendsfdf2.o)
 .ARM.attributes
                0x0000092d       0x1e c:/freescale/kds_v3/toolchain/bin/../lib/gcc/arm-none-eabi/4.8.4/armv6-m\libgcc.a(_clzsi2.o)
 .ARM.attributes
                0x0000094b       0x2c c:/freescale/kds_v3/toolchain/bin/../lib/gcc/arm-none-eabi/4.8.4/../../../../arm-none-eabi/lib/armv6-m\libg_s.a(lib_a-exit.o)
 .ARM.attributes
                0x00000977       0x2c c:/freescale/kds_v3/toolchain/bin/../lib/gcc/arm-none-eabi/4.8.4/../../../../arm-none-eabi/lib/armv6-m\libg_s.a(lib_a-impure.o)
 .ARM.attributes
                0x000009a3       0x2c c:/freescale/kds_v3/toolchain/bin/../lib/gcc/arm-none-eabi/4.8.4/../../../../arm-none-eabi/lib/armv6-m\libg_s.a(lib_a-init.o)
 .ARM.attributes
                0x000009cf       0x2c c:/freescale/kds_v3/toolchain/bin/../lib/gcc/arm-none-eabi/4.8.4/../../../../arm-none-eabi/lib/armv6-m\libg_s.a(lib_a-memcpy-stub.o)
 .ARM.attributes
                0x000009fb       0x2c c:/freescale/kds_v3/toolchain/bin/../lib/gcc/arm-none-eabi/4.8.4/../../../../arm-none-eabi/lib/armv6-m\libg_s.a(lib_a-memset.o)
 .ARM.attributes
                0x00000a27       0x2c c:/freescale/kds_v3/toolchain/bin/../lib/gcc/arm-none-eabi/4.8.4/../../../../arm-none-eabi/lib/armv6-m\libg_s.a(lib_a-findfp.o)
 .ARM.attributes
                0x00000a53       0x2c c:/freescale/kds_v3/toolchain/bin/../lib/gcc/arm-none-eabi/4.8.4/../../../../arm-none-eabi/lib/armv6-m\libnosys.a(_exit.o)
 .ARM.attributes
                0x00000a7f       0x1e c:/freescale/kds_v3/toolchain/bin/../lib/gcc/arm-none-eabi/4.8.4/armv6-m/crtn.o
OUTPUT(DongmaToyCar.elf elf32-littlearm)

.debug_info     0x00000000     0xe685
 .debug_info    0x00000000      0x9e8 ./Static_Code/System/CPU_Init.o
 .debug_info    0x000009e8      0x589 ./Static_Code/System/Vectors.o
 .debug_info    0x00000f71       0xae ./Sources/Events.o
 .debug_info    0x0000101f       0xa1 ./Sources/main.o
 .debug_info    0x000010c0       0xc2 ./Sources/mqx_tasks.o
 .debug_info    0x00001182      0x28e ./Sources/print.o
 .debug_info    0x00001410      0x2a4 ./Sources/task.o
 .debug_info    0x000016b4      0x20a ./Project_Settings/Startup_Code/startup.o
 .debug_info    0x000018be       0x7f ./MQXLITE/psp/cortex_m/core/M0/boot.o
 .debug_info    0x0000193d       0x83 ./MQXLITE/psp/cortex_m/core/M0/dispatch.o
 .debug_info    0x000019c0      0x975 ./MQXLITE/psp/cortex_m/int_inst.o
 .debug_info    0x00002335      0x33d ./MQXLITE/psp/cortex_m/int_vtab.o
 .debug_info    0x00002672      0x144 ./MQXLITE/psp/cortex_m/mem_zero.o
 .debug_info    0x000027b6       0xe2 ./MQXLITE/psp/cortex_m/psp_iinit.o
 .debug_info    0x00002898      0xa06 ./MQXLITE/psp/cortex_m/psp_tinm.o
 .debug_info    0x0000329e      0xb4c ./MQXLITE/psp/cortex_m/sc_irdyq.o
 .debug_info    0x00003dea      0x607 ./MQXLITE/psp/cortex_m/stack_bu.o
 .debug_info    0x000043f1      0x3fc ./MQXLITE/psp/cortex_m/stack_de.o
 .debug_info    0x000047ed      0x988 ./MQXLITE/kernel/idletask.o
 .debug_info    0x00005175      0xd6b ./MQXLITE/kernel/int.o
 .debug_info    0x00005ee0      0xff5 ./MQXLITE/kernel/lwsem.o
 .debug_info    0x00006ed5      0xb27 ./MQXLITE/kernel/mqx_utils.o
 .debug_info    0x000079fc      0xd6d ./MQXLITE/kernel/mqxlite.o
 .debug_info    0x00008769     0x1de7 ./MQXLITE/kernel/task.o
 .debug_info    0x0000a550      0xfb6 ./MQXLITE/kernel/time_ticks.o
 .debug_info    0x0000b506      0x2a1 ./MQXLITE/config/task_template_list.o
 .debug_info    0x0000b7a7      0x358 ./Generated_Code/ADC.o
 .debug_info    0x0000baff      0x624 ./Generated_Code/ASerialLdd1.o
 .debug_info    0x0000c123      0x6b8 ./Generated_Code/AdcLdd1.o
 .debug_info    0x0000c7db      0x216 ./Generated_Code/BitIoLdd1.o
 .debug_info    0x0000c9f1      0x4d0 ./Generated_Code/Blue.o
 .debug_info    0x0000cec1       0xbb ./Generated_Code/Cpu.o
 .debug_info    0x0000cf7c      0xd55 ./Generated_Code/MQX1.o
 .debug_info    0x0000dcd1      0x397 ./Generated_Code/PE_LDD.o
 .debug_info    0x0000e068      0x61d ./Generated_Code/SystemTimer1.o

.debug_abbrev   0x00000000     0x2a4a
 .debug_abbrev  0x00000000      0x1fb ./Static_Code/System/CPU_Init.o
 .debug_abbrev  0x000001fb       0xee ./Static_Code/System/Vectors.o
 .debug_abbrev  0x000002e9       0x45 ./Sources/Events.o
 .debug_abbrev  0x0000032e       0x47 ./Sources/main.o
 .debug_abbrev  0x00000375       0x61 ./Sources/mqx_tasks.o
 .debug_abbrev  0x000003d6      0x114 ./Sources/print.o
 .debug_abbrev  0x000004ea       0xef ./Sources/task.o
 .debug_abbrev  0x000005d9      0x11e ./Project_Settings/Startup_Code/startup.o
 .debug_abbrev  0x000006f7       0x14 ./MQXLITE/psp/cortex_m/core/M0/boot.o
 .debug_abbrev  0x0000070b       0x14 ./MQXLITE/psp/cortex_m/core/M0/dispatch.o
 .debug_abbrev  0x0000071f      0x12e ./MQXLITE/psp/cortex_m/int_inst.o
 .debug_abbrev  0x0000084d      0x120 ./MQXLITE/psp/cortex_m/int_vtab.o
 .debug_abbrev  0x0000096d       0x80 ./MQXLITE/psp/cortex_m/mem_zero.o
 .debug_abbrev  0x000009ed       0x72 ./MQXLITE/psp/cortex_m/psp_iinit.o
 .debug_abbrev  0x00000a5f      0x155 ./MQXLITE/psp/cortex_m/psp_tinm.o
 .debug_abbrev  0x00000bb4      0x192 ./MQXLITE/psp/cortex_m/sc_irdyq.o
 .debug_abbrev  0x00000d46      0x117 ./MQXLITE/psp/cortex_m/stack_bu.o
 .debug_abbrev  0x00000e5d       0xdc ./MQXLITE/psp/cortex_m/stack_de.o
 .debug_abbrev  0x00000f39      0x144 ./MQXLITE/kernel/idletask.o
 .debug_abbrev  0x0000107d      0x1ff ./MQXLITE/kernel/int.o
 .debug_abbrev  0x0000127c      0x1c7 ./MQXLITE/kernel/lwsem.o
 .debug_abbrev  0x00001443      0x1e1 ./MQXLITE/kernel/mqx_utils.o
 .debug_abbrev  0x00001624      0x1e3 ./MQXLITE/kernel/mqxlite.o
 .debug_abbrev  0x00001807      0x276 ./MQXLITE/kernel/task.o
 .debug_abbrev  0x00001a7d      0x200 ./MQXLITE/kernel/time_ticks.o
 .debug_abbrev  0x00001c7d       0xba ./MQXLITE/config/task_template_list.o
 .debug_abbrev  0x00001d37      0x146 ./Generated_Code/ADC.o
 .debug_abbrev  0x00001e7d      0x1c6 ./Generated_Code/ASerialLdd1.o
 .debug_abbrev  0x00002043      0x1de ./Generated_Code/AdcLdd1.o
 .debug_abbrev  0x00002221       0xf5 ./Generated_Code/BitIoLdd1.o
 .debug_abbrev  0x00002316      0x1d6 ./Generated_Code/Blue.o
 .debug_abbrev  0x000024ec       0x59 ./Generated_Code/Cpu.o
 .debug_abbrev  0x00002545      0x1bd ./Generated_Code/MQX1.o
 .debug_abbrev  0x00002702      0x123 ./Generated_Code/PE_LDD.o
 .debug_abbrev  0x00002825      0x225 ./Generated_Code/SystemTimer1.o

.debug_aranges  0x00000000      0xaa0
 .debug_aranges
                0x00000000       0x38 ./Static_Code/System/CPU_Init.o
 .debug_aranges
                0x00000038      0x190 ./Static_Code/System/Vectors.o
 .debug_aranges
                0x000001c8       0x28 ./Sources/Events.o
 .debug_aranges
                0x000001f0       0x20 ./Sources/main.o
 .debug_aranges
                0x00000210       0x20 ./Sources/mqx_tasks.o
 .debug_aranges
                0x00000230       0x30 ./Sources/print.o
 .debug_aranges
                0x00000260       0x28 ./Sources/task.o
 .debug_aranges
                0x00000288       0x50 ./Project_Settings/Startup_Code/startup.o
 .debug_aranges
                0x000002d8       0x20 ./MQXLITE/psp/cortex_m/core/M0/boot.o
 .debug_aranges
                0x000002f8       0x20 ./MQXLITE/psp/cortex_m/core/M0/dispatch.o
 .debug_aranges
                0x00000318       0x20 ./MQXLITE/psp/cortex_m/int_inst.o
 .debug_aranges
                0x00000338       0x28 ./MQXLITE/psp/cortex_m/int_vtab.o
 .debug_aranges
                0x00000360       0x20 ./MQXLITE/psp/cortex_m/mem_zero.o
 .debug_aranges
                0x00000380       0x20 ./MQXLITE/psp/cortex_m/psp_iinit.o
 .debug_aranges
                0x000003a0       0x20 ./MQXLITE/psp/cortex_m/psp_tinm.o
 .debug_aranges
                0x000003c0       0x28 ./MQXLITE/psp/cortex_m/sc_irdyq.o
 .debug_aranges
                0x000003e8       0x20 ./MQXLITE/psp/cortex_m/stack_bu.o
 .debug_aranges
                0x00000408       0x20 ./MQXLITE/psp/cortex_m/stack_de.o
 .debug_aranges
                0x00000428       0x20 ./MQXLITE/kernel/idletask.o
 .debug_aranges
                0x00000448       0x90 ./MQXLITE/kernel/int.o
 .debug_aranges
                0x000004d8       0x80 ./MQXLITE/kernel/lwsem.o
 .debug_aranges
                0x00000558       0x60 ./MQXLITE/kernel/mqx_utils.o
 .debug_aranges
                0x000005b8       0x30 ./MQXLITE/kernel/mqxlite.o
 .debug_aranges
                0x000005e8      0x160 ./MQXLITE/kernel/task.o
 .debug_aranges
                0x00000748       0xb8 ./MQXLITE/kernel/time_ticks.o
 .debug_aranges
                0x00000800       0x18 ./MQXLITE/config/task_template_list.o
 .debug_aranges
                0x00000818       0x40 ./Generated_Code/ADC.o
 .debug_aranges
                0x00000858       0x50 ./Generated_Code/ASerialLdd1.o
 .debug_aranges
                0x000008a8       0x50 ./Generated_Code/AdcLdd1.o
 .debug_aranges
                0x000008f8       0x28 ./Generated_Code/BitIoLdd1.o
 .debug_aranges
                0x00000920       0x88 ./Generated_Code/Blue.o
 .debug_aranges
                0x000009a8       0x28 ./Generated_Code/Cpu.o
 .debug_aranges
                0x000009d0       0x40 ./Generated_Code/MQX1.o
 .debug_aranges
                0x00000a10       0x30 ./Generated_Code/PE_LDD.o
 .debug_aranges
                0x00000a40       0x60 ./Generated_Code/SystemTimer1.o

.debug_ranges   0x00000000      0x848
 .debug_ranges  0x00000000       0x28 ./Static_Code/System/CPU_Init.o
 .debug_ranges  0x00000028      0x180 ./Static_Code/System/Vectors.o
 .debug_ranges  0x000001a8       0x18 ./Sources/Events.o
 .debug_ranges  0x000001c0       0x10 ./Sources/main.o
 .debug_ranges  0x000001d0       0x10 ./Sources/mqx_tasks.o
 .debug_ranges  0x000001e0       0x20 ./Sources/print.o
 .debug_ranges  0x00000200       0x18 ./Sources/task.o
 .debug_ranges  0x00000218       0x40 ./Project_Settings/Startup_Code/startup.o
 .debug_ranges  0x00000258       0x10 ./MQXLITE/psp/cortex_m/int_inst.o
 .debug_ranges  0x00000268       0x18 ./MQXLITE/psp/cortex_m/int_vtab.o
 .debug_ranges  0x00000280       0x10 ./MQXLITE/psp/cortex_m/mem_zero.o
 .debug_ranges  0x00000290       0x10 ./MQXLITE/psp/cortex_m/psp_iinit.o
 .debug_ranges  0x000002a0       0x10 ./MQXLITE/psp/cortex_m/psp_tinm.o
 .debug_ranges  0x000002b0       0x18 ./MQXLITE/psp/cortex_m/sc_irdyq.o
 .debug_ranges  0x000002c8       0x10 ./MQXLITE/psp/cortex_m/stack_bu.o
 .debug_ranges  0x000002d8       0x10 ./MQXLITE/psp/cortex_m/stack_de.o
 .debug_ranges  0x000002e8       0x10 ./MQXLITE/kernel/idletask.o
 .debug_ranges  0x000002f8       0x80 ./MQXLITE/kernel/int.o
 .debug_ranges  0x00000378       0x70 ./MQXLITE/kernel/lwsem.o
 .debug_ranges  0x000003e8       0x50 ./MQXLITE/kernel/mqx_utils.o
 .debug_ranges  0x00000438       0x20 ./MQXLITE/kernel/mqxlite.o
 .debug_ranges  0x00000458      0x150 ./MQXLITE/kernel/task.o
 .debug_ranges  0x000005a8       0xa8 ./MQXLITE/kernel/time_ticks.o
 .debug_ranges  0x00000650       0x30 ./Generated_Code/ADC.o
 .debug_ranges  0x00000680       0x40 ./Generated_Code/ASerialLdd1.o
 .debug_ranges  0x000006c0       0x40 ./Generated_Code/AdcLdd1.o
 .debug_ranges  0x00000700       0x18 ./Generated_Code/BitIoLdd1.o
 .debug_ranges  0x00000718       0x78 ./Generated_Code/Blue.o
 .debug_ranges  0x00000790       0x18 ./Generated_Code/Cpu.o
 .debug_ranges  0x000007a8       0x30 ./Generated_Code/MQX1.o
 .debug_ranges  0x000007d8       0x20 ./Generated_Code/PE_LDD.o
 .debug_ranges  0x000007f8       0x50 ./Generated_Code/SystemTimer1.o

.debug_macro    0x00000000    0x1e873
 .debug_macro   0x00000000      0x26a ./Static_Code/System/CPU_Init.o
 .debug_macro   0x0000026a      0x802 ./Static_Code/System/CPU_Init.o
 .debug_macro   0x00000a6c       0x16 ./Static_Code/System/CPU_Init.o
 .debug_macro   0x00000a82       0x44 ./Static_Code/System/CPU_Init.o
 .debug_macro   0x00000ac6      0x209 ./Static_Code/System/CPU_Init.o
 .debug_macro   0x00000ccf     0x15a0 ./Static_Code/System/CPU_Init.o
 .debug_macro   0x0000226f     0x539e ./Static_Code/System/CPU_Init.o
 .debug_macro   0x0000760d      0x2d6 ./Static_Code/System/CPU_Init.o
 .debug_macro   0x000078e3      0x14e ./Static_Code/System/CPU_Init.o
 .debug_macro   0x00007a31       0x5e ./Static_Code/System/CPU_Init.o
 .debug_macro   0x00007a8f       0x94 ./Static_Code/System/CPU_Init.o
 .debug_macro   0x00007b23      0x12c ./Static_Code/System/CPU_Init.o
 .debug_macro   0x00007c4f       0x58 ./Static_Code/System/CPU_Init.o
 .debug_macro   0x00007ca7       0x35 ./Static_Code/System/CPU_Init.o
 .debug_macro   0x00007cdc       0xa3 ./Static_Code/System/CPU_Init.o
 .debug_macro   0x00007d7f       0x16 ./Static_Code/System/CPU_Init.o
 .debug_macro   0x00007d95       0x2e ./Static_Code/System/CPU_Init.o
 .debug_macro   0x00007dc3       0x65 ./Static_Code/System/CPU_Init.o
 .debug_macro   0x00007e28       0x20 ./Static_Code/System/CPU_Init.o
 .debug_macro   0x00007e48       0x86 ./Static_Code/System/CPU_Init.o
 .debug_macro   0x00007ece       0x81 ./Static_Code/System/CPU_Init.o
 .debug_macro   0x00007f4f       0x16 ./Static_Code/System/CPU_Init.o
 .debug_macro   0x00007f65       0x16 ./Static_Code/System/CPU_Init.o
 .debug_macro   0x00007f7b       0x70 ./Static_Code/System/CPU_Init.o
 .debug_macro   0x00007feb      0x215 ./Static_Code/System/CPU_Init.o
 .debug_macro   0x00008200       0xa2 ./Static_Code/System/CPU_Init.o
 .debug_macro   0x000082a2       0x16 ./Static_Code/System/CPU_Init.o
 .debug_macro   0x000082b8       0x1c ./Static_Code/System/CPU_Init.o
 .debug_macro   0x000082d4      0x70f ./Static_Code/System/CPU_Init.o
 .debug_macro   0x000089e3       0xa6 ./Static_Code/System/CPU_Init.o
 .debug_macro   0x00008a89      0x16d ./Static_Code/System/CPU_Init.o
 .debug_macro   0x00008bf6       0x7c ./Static_Code/System/CPU_Init.o
 .debug_macro   0x00008c72       0xfc ./Static_Code/System/CPU_Init.o
 .debug_macro   0x00008d6e       0x89 ./Static_Code/System/CPU_Init.o
 .debug_macro   0x00008df7      0x3c9 ./Static_Code/System/CPU_Init.o
 .debug_macro   0x000091c0       0x67 ./Static_Code/System/CPU_Init.o
 .debug_macro   0x00009227      0x5cf ./Static_Code/System/CPU_Init.o
 .debug_macro   0x000097f6       0x6d ./Static_Code/System/CPU_Init.o
 .debug_macro   0x00009863       0x10 ./Static_Code/System/CPU_Init.o
 .debug_macro   0x00009873      0x287 ./Static_Code/System/Vectors.o
 .debug_macro   0x00009afa       0x76 ./Static_Code/System/Vectors.o
 .debug_macro   0x00009b70      0x12a ./Static_Code/System/Vectors.o
 .debug_macro   0x00009c9a      0x323 ./Sources/Events.o
 .debug_macro   0x00009fbd      0x2d3 ./Sources/Events.o
 .debug_macro   0x0000a290      0x109 ./Sources/Events.o
 .debug_macro   0x0000a399      0x6a6 ./Sources/Events.o
 .debug_macro   0x0000aa3f      0x223 ./Sources/Events.o
 .debug_macro   0x0000ac62      0x299 ./Sources/Events.o
 .debug_macro   0x0000aefb       0x65 ./Sources/Events.o
 .debug_macro   0x0000af60      0x20f ./Sources/Events.o
 .debug_macro   0x0000b16f      0x13f ./Sources/Events.o
 .debug_macro   0x0000b2ae      0x63a ./Sources/Events.o
 .debug_macro   0x0000b8e8     0x266f ./Sources/Events.o
 .debug_macro   0x0000df57       0xbb ./Sources/Events.o
 .debug_macro   0x0000e012       0xe9 ./Sources/Events.o
 .debug_macro   0x0000e0fb      0x4ea ./Sources/Events.o
 .debug_macro   0x0000e5e5      0x13a ./Sources/Events.o
 .debug_macro   0x0000e71f       0xb8 ./Sources/Events.o
 .debug_macro   0x0000e7d7      0x179 ./Sources/Events.o
 .debug_macro   0x0000e950      0x987 ./Sources/Events.o
 .debug_macro   0x0000f2d7      0x648 ./Sources/Events.o
 .debug_macro   0x0000f91f      0x7b8 ./Sources/Events.o
 .debug_macro   0x000100d7      0x162 ./Sources/Events.o
 .debug_macro   0x00010239      0x323 ./Sources/main.o
 .debug_macro   0x0001055c      0x327 ./Sources/mqx_tasks.o
 .debug_macro   0x00010883      0x184 ./Sources/print.o
 .debug_macro   0x00010a07       0x58 ./Sources/print.o
 .debug_macro   0x00010a5f       0x5f ./Sources/print.o
 .debug_macro   0x00010abe      0x166 ./Sources/print.o
 .debug_macro   0x00010c24       0x52 ./Sources/print.o
 .debug_macro   0x00010c76       0x16 ./Sources/print.o
 .debug_macro   0x00010c8c       0x43 ./Sources/print.o
 .debug_macro   0x00010ccf      0x180 ./Sources/print.o
 .debug_macro   0x00010e4f      0x2a6 ./Sources/print.o
 .debug_macro   0x000110f5       0x10 ./Sources/print.o
 .debug_macro   0x00011105       0x35 ./Sources/print.o
 .debug_macro   0x0001113a       0x10 ./Sources/print.o
 .debug_macro   0x0001114a      0x2fc ./Sources/task.o
 .debug_macro   0x00011446      0x121 ./Project_Settings/Startup_Code/startup.o
 .debug_macro   0x00011567       0x4a ./Project_Settings/Startup_Code/startup.o
 .debug_macro   0x000115b1       0x16 ./Project_Settings/Startup_Code/startup.o
 .debug_macro   0x000115c7       0x22 ./Project_Settings/Startup_Code/startup.o
 .debug_macro   0x000115e9       0x10 ./Project_Settings/Startup_Code/startup.o
 .debug_macro   0x000115f9      0x20f ./Project_Settings/Startup_Code/startup.o
 .debug_macro   0x00011808     0x5392 ./Project_Settings/Startup_Code/startup.o
 .debug_macro   0x00016b9a      0x288 ./MQXLITE/psp/cortex_m/int_inst.o
 .debug_macro   0x00016e22      0x288 ./MQXLITE/psp/cortex_m/int_vtab.o
 .debug_macro   0x000170aa      0x288 ./MQXLITE/psp/cortex_m/mem_zero.o
 .debug_macro   0x00017332      0x288 ./MQXLITE/psp/cortex_m/psp_iinit.o
 .debug_macro   0x000175ba      0x288 ./MQXLITE/psp/cortex_m/psp_tinm.o
 .debug_macro   0x00017842      0x288 ./MQXLITE/psp/cortex_m/sc_irdyq.o
 .debug_macro   0x00017aca      0x288 ./MQXLITE/psp/cortex_m/stack_bu.o
 .debug_macro   0x00017d52      0x288 ./MQXLITE/psp/cortex_m/stack_de.o
 .debug_macro   0x00017fda      0x288 ./MQXLITE/kernel/idletask.o
 .debug_macro   0x00018262      0x288 ./MQXLITE/kernel/int.o
 .debug_macro   0x000184ea      0x288 ./MQXLITE/kernel/lwsem.o
 .debug_macro   0x00018772      0x296 ./MQXLITE/kernel/mqx_utils.o
 .debug_macro   0x00018a08      0x296 ./MQXLITE/kernel/mqxlite.o
 .debug_macro   0x00018c9e      0x2f3 ./MQXLITE/kernel/task.o
 .debug_macro   0x00018f91     0x159a ./MQXLITE/kernel/task.o
 .debug_macro   0x0001a52b      0x294 ./MQXLITE/kernel/time_ticks.o
 .debug_macro   0x0001a7bf      0x251 ./MQXLITE/config/task_template_list.o
 .debug_macro   0x0001aa10      0x269 ./Generated_Code/ADC.o
 .debug_macro   0x0001ac79      0x1c2 ./Generated_Code/ASerialLdd1.o
 .debug_macro   0x0001ae3b       0x9c ./Generated_Code/ASerialLdd1.o
 .debug_macro   0x0001aed7      0x6fd ./Generated_Code/ASerialLdd1.o
 .debug_macro   0x0001b5d4     0x1594 ./Generated_Code/ASerialLdd1.o
 .debug_macro   0x0001cb68       0x26 ./Generated_Code/ASerialLdd1.o
 .debug_macro   0x0001cb8e      0x7b2 ./Generated_Code/ASerialLdd1.o
 .debug_macro   0x0001d340      0x1cf ./Generated_Code/AdcLdd1.o
 .debug_macro   0x0001d50f      0x5c9 ./Generated_Code/AdcLdd1.o
 .debug_macro   0x0001dad8      0x1a8 ./Generated_Code/BitIoLdd1.o
 .debug_macro   0x0001dc80      0x15d ./Generated_Code/Blue.o
 .debug_macro   0x0001dddd      0x27b ./Generated_Code/Cpu.o
 .debug_macro   0x0001e058      0x271 ./Generated_Code/MQX1.o
 .debug_macro   0x0001e2c9       0x80 ./Generated_Code/MQX1.o
 .debug_macro   0x0001e349      0x132 ./Generated_Code/MQX1.o
 .debug_macro   0x0001e47b      0x231 ./Generated_Code/PE_LDD.o
 .debug_macro   0x0001e6ac      0x1c7 ./Generated_Code/SystemTimer1.o

.debug_line     0x00000000     0xd5cf
 .debug_line    0x00000000      0x67a ./Static_Code/System/CPU_Init.o
 .debug_line    0x0000067a      0x8f9 ./Static_Code/System/Vectors.o
 .debug_line    0x00000f73      0x699 ./Sources/Events.o
 .debug_line    0x0000160c      0x68e ./Sources/main.o
 .debug_line    0x00001c9a      0x696 ./Sources/mqx_tasks.o
 .debug_line    0x00002330      0x499 ./Sources/print.o
 .debug_line    0x000027c9      0x65c ./Sources/task.o
 .debug_line    0x00002e25      0x3c4 ./Project_Settings/Startup_Code/startup.o
 .debug_line    0x000031e9       0x68 ./MQXLITE/psp/cortex_m/core/M0/boot.o
 .debug_line    0x00003251      0x18b ./MQXLITE/psp/cortex_m/core/M0/dispatch.o
 .debug_line    0x000033dc      0x5f8 ./MQXLITE/psp/cortex_m/int_inst.o
 .debug_line    0x000039d4      0x60b ./MQXLITE/psp/cortex_m/int_vtab.o
 .debug_line    0x00003fdf      0x67d ./MQXLITE/psp/cortex_m/mem_zero.o
 .debug_line    0x0000465c      0x5f9 ./MQXLITE/psp/cortex_m/psp_iinit.o
 .debug_line    0x00004c55      0x5fa ./MQXLITE/psp/cortex_m/psp_tinm.o
 .debug_line    0x0000524f      0x652 ./MQXLITE/psp/cortex_m/sc_irdyq.o
 .debug_line    0x000058a1      0x603 ./MQXLITE/psp/cortex_m/stack_bu.o
 .debug_line    0x00005ea4      0x5f4 ./MQXLITE/psp/cortex_m/stack_de.o
 .debug_line    0x00006498      0x5f5 ./MQXLITE/kernel/idletask.o
 .debug_line    0x00006a8d      0x7b6 ./MQXLITE/kernel/int.o
 .debug_line    0x00007243      0x879 ./MQXLITE/kernel/lwsem.o
 .debug_line    0x00007abc      0x6d3 ./MQXLITE/kernel/mqx_utils.o
 .debug_line    0x0000818f      0x67d ./MQXLITE/kernel/mqxlite.o
 .debug_line    0x0000880c      0xc6e ./MQXLITE/kernel/task.o
 .debug_line    0x0000947a      0x92d ./MQXLITE/kernel/time_ticks.o
 .debug_line    0x00009da7      0x599 ./MQXLITE/config/task_template_list.o
 .debug_line    0x0000a340      0x5ea ./Generated_Code/ADC.o
 .debug_line    0x0000a92a      0x5b3 ./Generated_Code/ASerialLdd1.o
 .debug_line    0x0000aedd      0x5cd ./Generated_Code/AdcLdd1.o
 .debug_line    0x0000b4aa      0x4df ./Generated_Code/BitIoLdd1.o
 .debug_line    0x0000b989      0x4df ./Generated_Code/Blue.o
 .debug_line    0x0000be68      0x604 ./Generated_Code/Cpu.o
 .debug_line    0x0000c46c      0x632 ./Generated_Code/MQX1.o
 .debug_line    0x0000ca9e      0x596 ./Generated_Code/PE_LDD.o
 .debug_line    0x0000d034      0x59b ./Generated_Code/SystemTimer1.o

.debug_str      0x00000000    0x95267
 .debug_str     0x00000000    0x35281 ./Static_Code/System/CPU_Init.o
                              0x358c9 (size before relaxing)
 .debug_str     0x00035281      0xb9b ./Static_Code/System/Vectors.o
                              0x35ecd (size before relaxing)
 .debug_str     0x00035e1c    0x59bea ./Sources/Events.o
                              0x8ec78 (size before relaxing)
 .debug_str     0x0008fa06       0x17 ./Sources/main.o
                              0x8ec67 (size before relaxing)
 .debug_str     0x0008fa1d       0x30 ./Sources/mqx_tasks.o
                              0x8ec94 (size before relaxing)
 .debug_str     0x0008fa4d     0x2248 ./Sources/print.o
                              0x28a4e (size before relaxing)
 .debug_str     0x00091c95       0x93 ./Sources/task.o
                              0x3759c (size before relaxing)
 .debug_str     0x00091d28      0x186 ./Project_Settings/Startup_Code/startup.o
                              0x20e45 (size before relaxing)
 .debug_str     0x00091eae     0x108b ./MQXLITE/psp/cortex_m/int_inst.o
                              0x36380 (size before relaxing)
 .debug_str     0x00092f39      0x164 ./MQXLITE/psp/cortex_m/int_vtab.o
                              0x35c03 (size before relaxing)
 .debug_str     0x0009309d       0x8f ./MQXLITE/psp/cortex_m/mem_zero.o
                              0x35b10 (size before relaxing)
 .debug_str     0x0009312c       0x6b ./MQXLITE/psp/cortex_m/psp_iinit.o
                              0x35aea (size before relaxing)
 .debug_str     0x00093197       0x64 ./MQXLITE/psp/cortex_m/psp_tinm.o
                              0x363c8 (size before relaxing)
 .debug_str     0x000931fb      0x10f ./MQXLITE/psp/cortex_m/sc_irdyq.o
                              0x364b3 (size before relaxing)
 .debug_str     0x0009330a      0x15b ./MQXLITE/psp/cortex_m/stack_bu.o
                              0x35ee7 (size before relaxing)
 .debug_str     0x00093465       0x3c ./MQXLITE/psp/cortex_m/stack_de.o
                              0x35d94 (size before relaxing)
 .debug_str     0x000934a1       0x2c ./MQXLITE/kernel/idletask.o
                              0x36382 (size before relaxing)
 .debug_str     0x000934cd      0x1d5 ./MQXLITE/kernel/int.o
                              0x365bc (size before relaxing)
 .debug_str     0x000936a2      0x178 ./MQXLITE/kernel/lwsem.o
                              0x36564 (size before relaxing)
 .debug_str     0x0009381a      0x11f ./MQXLITE/kernel/mqx_utils.o
                              0x364fb (size before relaxing)
 .debug_str     0x00093939      0x16e ./MQXLITE/kernel/mqxlite.o
                              0x367c6 (size before relaxing)
 .debug_str     0x00093aa7      0x5a8 ./MQXLITE/kernel/task.o
                              0x38dde (size before relaxing)
 .debug_str     0x0009404f      0x274 ./MQXLITE/kernel/time_ticks.o
                              0x366a8 (size before relaxing)
 .debug_str     0x000942c3       0x66 ./MQXLITE/config/task_template_list.o
                              0x353f9 (size before relaxing)
 .debug_str     0x00094329      0x11e ./Generated_Code/ADC.o
                              0x3543e (size before relaxing)
 .debug_str     0x00094447      0x2b4 ./Generated_Code/ASerialLdd1.o
                              0x3cd42 (size before relaxing)
 .debug_str     0x000946fb      0x2bb ./Generated_Code/AdcLdd1.o
                              0x3390a (size before relaxing)
 .debug_str     0x000949b6       0xb4 ./Generated_Code/BitIoLdd1.o
                              0x2f3a7 (size before relaxing)
 .debug_str     0x00094a6a      0x2a1 ./Generated_Code/Blue.o
                              0x26a97 (size before relaxing)
 .debug_str     0x00094d0b       0x28 ./Generated_Code/Cpu.o
                              0x350a1 (size before relaxing)
 .debug_str     0x00094d33      0x20b ./Generated_Code/MQX1.o
                              0x35eba (size before relaxing)
 .debug_str     0x00094f3e      0x153 ./Generated_Code/PE_LDD.o
                              0x35475 (size before relaxing)
 .debug_str     0x00095091      0x1d6 ./Generated_Code/SystemTimer1.o
                              0x2fe9d (size before relaxing)

.comment        0x00000000       0x70
 .comment       0x00000000       0x70 ./Static_Code/System/CPU_Init.o
                                 0x71 (size before relaxing)
 .comment       0x00000000       0x71 ./Static_Code/System/Vectors.o
 .comment       0x00000000       0x71 ./Sources/Events.o
 .comment       0x00000000       0x71 ./Sources/main.o
 .comment       0x00000000       0x71 ./Sources/mqx_tasks.o
 .comment       0x00000000       0x71 ./Sources/print.o
 .comment       0x00000000       0x71 ./Sources/task.o
 .comment       0x00000000       0x71 ./Project_Settings/Startup_Code/startup.o
 .comment       0x00000000       0x71 ./MQXLITE/psp/cortex_m/int_inst.o
 .comment       0x00000000       0x71 ./MQXLITE/psp/cortex_m/int_vtab.o
 .comment       0x00000000       0x71 ./MQXLITE/psp/cortex_m/mem_zero.o
 .comment       0x00000000       0x71 ./MQXLITE/psp/cortex_m/psp_iinit.o
 .comment       0x00000000       0x71 ./MQXLITE/psp/cortex_m/psp_tinm.o
 .comment       0x00000000       0x71 ./MQXLITE/psp/cortex_m/sc_irdyq.o
 .comment       0x00000000       0x71 ./MQXLITE/psp/cortex_m/stack_bu.o
 .comment       0x00000000       0x71 ./MQXLITE/psp/cortex_m/stack_de.o
 .comment       0x00000000       0x71 ./MQXLITE/kernel/idletask.o
 .comment       0x00000000       0x71 ./MQXLITE/kernel/int.o
 .comment       0x00000000       0x71 ./MQXLITE/kernel/lwsem.o
 .comment       0x00000000       0x71 ./MQXLITE/kernel/mqx_utils.o
 .comment       0x00000000       0x71 ./MQXLITE/kernel/mqxlite.o
 .comment       0x00000000       0x71 ./MQXLITE/kernel/task.o
 .comment       0x00000000       0x71 ./MQXLITE/kernel/time_ticks.o
 .comment       0x00000000       0x71 ./MQXLITE/config/task_template_list.o
 .comment       0x00000000       0x71 ./Generated_Code/ADC.o
 .comment       0x00000000       0x71 ./Generated_Code/ASerialLdd1.o
 .comment       0x00000000       0x71 ./Generated_Code/AdcLdd1.o
 .comment       0x00000000       0x71 ./Generated_Code/BitIoLdd1.o
 .comment       0x00000000       0x71 ./Generated_Code/Blue.o
 .comment       0x00000000       0x71 ./Generated_Code/Cpu.o
 .comment       0x00000000       0x71 ./Generated_Code/MQX1.o
 .comment       0x00000000       0x71 ./Generated_Code/PE_LDD.o
 .comment       0x00000000       0x71 ./Generated_Code/SystemTimer1.o

.debug_frame    0x00000000     0x2228
 .debug_frame   0x00000000       0x84 ./Static_Code/System/CPU_Init.o
 .debug_frame   0x00000084      0x534 ./Static_Code/System/Vectors.o
 .debug_frame   0x000005b8       0x48 ./Sources/Events.o
 .debug_frame   0x00000600       0x2c ./Sources/main.o
 .debug_frame   0x0000062c       0x30 ./Sources/mqx_tasks.o
 .debug_frame   0x0000065c       0x74 ./Sources/print.o
 .debug_frame   0x000006d0       0x4c ./Sources/task.o
 .debug_frame   0x0000071c       0xd0 ./Project_Settings/Startup_Code/startup.o
 .debug_frame   0x000007ec       0x30 ./MQXLITE/psp/cortex_m/int_inst.o
 .debug_frame   0x0000081c       0x4c ./MQXLITE/psp/cortex_m/int_vtab.o
 .debug_frame   0x00000868       0x34 ./MQXLITE/psp/cortex_m/mem_zero.o
 .debug_frame   0x0000089c       0x30 ./MQXLITE/psp/cortex_m/psp_iinit.o
 .debug_frame   0x000008cc       0x38 ./MQXLITE/psp/cortex_m/psp_tinm.o
 .debug_frame   0x00000904       0x50 ./MQXLITE/psp/cortex_m/sc_irdyq.o
 .debug_frame   0x00000954       0x30 ./MQXLITE/psp/cortex_m/stack_bu.o
 .debug_frame   0x00000984       0x30 ./MQXLITE/psp/cortex_m/stack_de.o
 .debug_frame   0x000009b4       0x30 ./MQXLITE/kernel/idletask.o
 .debug_frame   0x000009e4      0x1f0 ./MQXLITE/kernel/int.o
 .debug_frame   0x00000bd4      0x1b4 ./MQXLITE/kernel/lwsem.o
 .debug_frame   0x00000d88      0x12c ./MQXLITE/kernel/mqx_utils.o
 .debug_frame   0x00000eb4       0x70 ./MQXLITE/kernel/mqxlite.o
 .debug_frame   0x00000f24      0x528 ./MQXLITE/kernel/task.o
 .debug_frame   0x0000144c      0x2ac ./MQXLITE/kernel/time_ticks.o
 .debug_frame   0x000016f8       0xa8 ./Generated_Code/ADC.o
 .debug_frame   0x000017a0       0xf8 ./Generated_Code/ASerialLdd1.o
 .debug_frame   0x00001898       0xf0 ./Generated_Code/AdcLdd1.o
 .debug_frame   0x00001988       0x50 ./Generated_Code/BitIoLdd1.o
 .debug_frame   0x000019d8      0x1c4 ./Generated_Code/Blue.o
 .debug_frame   0x00001b9c       0x48 ./Generated_Code/Cpu.o
 .debug_frame   0x00001be4       0xb0 ./Generated_Code/MQX1.o
 .debug_frame   0x00001c94       0x6c ./Generated_Code/PE_LDD.o
 .debug_frame   0x00001d00      0x130 ./Generated_Code/SystemTimer1.o
 .debug_frame   0x00001e30       0x20 c:/freescale/kds_v3/toolchain/bin/../lib/gcc/arm-none-eabi/4.8.4/armv6-m\libgcc.a(_udivsi3.o)
 .debug_frame   0x00001e50       0x28 c:/freescale/kds_v3/toolchain/bin/../lib/gcc/arm-none-eabi/4.8.4/armv6-m\libgcc.a(_fixunssfsi.o)
 .debug_frame   0x00001e78       0x3c c:/freescale/kds_v3/toolchain/bin/../lib/gcc/arm-none-eabi/4.8.4/armv6-m\libgcc.a(divsf3.o)
 .debug_frame   0x00001eb4       0x2c c:/freescale/kds_v3/toolchain/bin/../lib/gcc/arm-none-eabi/4.8.4/armv6-m\libgcc.a(eqsf2.o)
 .debug_frame   0x00001ee0       0x30 c:/freescale/kds_v3/toolchain/bin/../lib/gcc/arm-none-eabi/4.8.4/armv6-m\libgcc.a(gesf2.o)
 .debug_frame   0x00001f10       0x30 c:/freescale/kds_v3/toolchain/bin/../lib/gcc/arm-none-eabi/4.8.4/armv6-m\libgcc.a(lesf2.o)
 .debug_frame   0x00001f40       0x3c c:/freescale/kds_v3/toolchain/bin/../lib/gcc/arm-none-eabi/4.8.4/armv6-m\libgcc.a(mulsf3.o)
 .debug_frame   0x00001f7c       0x30 c:/freescale/kds_v3/toolchain/bin/../lib/gcc/arm-none-eabi/4.8.4/armv6-m\libgcc.a(subsf3.o)
 .debug_frame   0x00001fac       0x20 c:/freescale/kds_v3/toolchain/bin/../lib/gcc/arm-none-eabi/4.8.4/armv6-m\libgcc.a(fixsfsi.o)
 .debug_frame   0x00001fcc       0x2c c:/freescale/kds_v3/toolchain/bin/../lib/gcc/arm-none-eabi/4.8.4/armv6-m\libgcc.a(floatsisf.o)
 .debug_frame   0x00001ff8       0x2c c:/freescale/kds_v3/toolchain/bin/../lib/gcc/arm-none-eabi/4.8.4/armv6-m\libgcc.a(extendsfdf2.o)
 .debug_frame   0x00002024       0x28 c:/freescale/kds_v3/toolchain/bin/../lib/gcc/arm-none-eabi/4.8.4/../../../../arm-none-eabi/lib/armv6-m\libg_s.a(lib_a-exit.o)
 .debug_frame   0x0000204c       0x2c c:/freescale/kds_v3/toolchain/bin/../lib/gcc/arm-none-eabi/4.8.4/../../../../arm-none-eabi/lib/armv6-m\libg_s.a(lib_a-init.o)
 .debug_frame   0x00002078       0x28 c:/freescale/kds_v3/toolchain/bin/../lib/gcc/arm-none-eabi/4.8.4/../../../../arm-none-eabi/lib/armv6-m\libg_s.a(lib_a-memcpy-stub.o)
 .debug_frame   0x000020a0       0x20 c:/freescale/kds_v3/toolchain/bin/../lib/gcc/arm-none-eabi/4.8.4/../../../../arm-none-eabi/lib/armv6-m\libg_s.a(lib_a-memset.o)
 .debug_frame   0x000020c0      0x148 c:/freescale/kds_v3/toolchain/bin/../lib/gcc/arm-none-eabi/4.8.4/../../../../arm-none-eabi/lib/armv6-m\libg_s.a(lib_a-findfp.o)
 .debug_frame   0x00002208       0x20 c:/freescale/kds_v3/toolchain/bin/../lib/gcc/arm-none-eabi/4.8.4/../../../../arm-none-eabi/lib/armv6-m\libnosys.a(_exit.o)

.stabstr        0x00000000      0x14d
 .stabstr       0x00000000      0x14d c:/freescale/kds_v3/toolchain/bin/../lib/gcc/arm-none-eabi/4.8.4/../../../../arm-none-eabi/lib/armv6-m\libnosys.a(close.o)
